Archive member included because of file (symbol)

c:/sjsu_dev/toolchain/bin/../lib/gcc/arm-none-eabi/4.9.3/../../../../arm-none-eabi/lib/armv7-m\libstdc++_nano.a(class_type_info.o)
                              ./L5_Application/source/Bluetooth.o (vtable for __cxxabiv1::__class_type_info)
c:/sjsu_dev/toolchain/bin/../lib/gcc/arm-none-eabi/4.9.3/../../../../arm-none-eabi/lib/armv7-m\libstdc++_nano.a(guard.o)
                              ./L5_Application/source/cmd_handlers/handlers.o (__cxa_guard_acquire)
c:/sjsu_dev/toolchain/bin/../lib/gcc/arm-none-eabi/4.9.3/../../../../arm-none-eabi/lib/armv7-m\libstdc++_nano.a(vmi_class_type_info.o)
                              ./L2_Drivers/src/nrf_stream.o (vtable for __cxxabiv1::__vmi_class_type_info)
c:/sjsu_dev/toolchain/bin/../lib/gcc/arm-none-eabi/4.9.3/../../../../arm-none-eabi/lib/armv7-m\libstdc++_nano.a(si_class_type_info.o)
                              ./L5_Application/source/Bluetooth.o (vtable for __cxxabiv1::__si_class_type_info)
c:/sjsu_dev/toolchain/bin/../lib/gcc/arm-none-eabi/4.9.3/../../../../arm-none-eabi/lib/armv7-m\libstdc++_nano.a(pure.o)
                              ./L3_Utils/src/scheduler_task.o (__cxa_pure_virtual)
c:/sjsu_dev/toolchain/bin/../lib/gcc/arm-none-eabi/4.9.3/../../../../arm-none-eabi/lib/armv7-m\libstdc++_nano.a(eh_terminate.o)
                              c:/sjsu_dev/toolchain/bin/../lib/gcc/arm-none-eabi/4.9.3/../../../../arm-none-eabi/lib/armv7-m\libstdc++_nano.a(pure.o) (std::terminate())
c:/sjsu_dev/toolchain/bin/../lib/gcc/arm-none-eabi/4.9.3/../../../../arm-none-eabi/lib/armv7-m\libstdc++_nano.a(tinfo.o)
                              c:/sjsu_dev/toolchain/bin/../lib/gcc/arm-none-eabi/4.9.3/../../../../arm-none-eabi/lib/armv7-m\libstdc++_nano.a(class_type_info.o) (std::type_info::~type_info())
c:/sjsu_dev/toolchain/bin/../lib/gcc/arm-none-eabi/4.9.3/../../../../arm-none-eabi/lib/armv7-m\libstdc++_nano.a(eh_unex_handler.o)
                              c:/sjsu_dev/toolchain/bin/../lib/gcc/arm-none-eabi/4.9.3/../../../../arm-none-eabi/lib/armv7-m\libstdc++_nano.a(eh_terminate.o) (__cxxabiv1::__unexpected_handler)
c:/sjsu_dev/toolchain/bin/../lib/gcc/arm-none-eabi/4.9.3/../../../../arm-none-eabi/lib/armv7-m\libstdc++_nano.a(eh_term_handler.o)
                              c:/sjsu_dev/toolchain/bin/../lib/gcc/arm-none-eabi/4.9.3/../../../../arm-none-eabi/lib/armv7-m\libstdc++_nano.a(eh_terminate.o) (__cxxabiv1::__terminate_handler)
c:/sjsu_dev/toolchain/bin/../lib/gcc/arm-none-eabi/4.9.3/armv7-m\libgcc.a(_ashldi3.o)
                              ./L0_LowLevel/source/lpc_peripherals.o (__aeabi_llsl)
c:/sjsu_dev/toolchain/bin/../lib/gcc/arm-none-eabi/4.9.3/armv7-m\libgcc.a(_arm_addsubdf3.o)
                              ./L2_Drivers/base/uart_dev.o (__aeabi_dadd)
c:/sjsu_dev/toolchain/bin/../lib/gcc/arm-none-eabi/4.9.3/armv7-m\libgcc.a(_arm_fixunsdfsi.o)
                              ./L2_Drivers/base/uart_dev.o (__aeabi_d2uiz)
c:/sjsu_dev/toolchain/bin/../lib/gcc/arm-none-eabi/4.9.3/armv7-m\libgcc.a(_arm_truncdfsf2.o)
                              ./L3_Utils/src/str.o (__aeabi_d2f)
c:/sjsu_dev/toolchain/bin/../lib/gcc/arm-none-eabi/4.9.3/armv7-m\libgcc.a(_arm_addsubsf3.o)
                              ./L5_Application/source/cmd_handlers/handlers.o (__aeabi_fsub)
c:/sjsu_dev/toolchain/bin/../lib/gcc/arm-none-eabi/4.9.3/armv7-m\libgcc.a(_arm_muldivsf3.o)
                              ./L5_Application/source/cmd_handlers/handlers.o (__aeabi_fmul)
c:/sjsu_dev/toolchain/bin/../lib/gcc/arm-none-eabi/4.9.3/armv7-m\libgcc.a(_arm_cmpsf2.o)
                              ./L5_Application/source/Pwm.o (__aeabi_fcmplt)
c:/sjsu_dev/toolchain/bin/../lib/gcc/arm-none-eabi/4.9.3/armv7-m\libgcc.a(_arm_fixsfsi.o)
                              ./L5_Application/source/cmd_handlers/handlers.o (__aeabi_f2iz)
c:/sjsu_dev/toolchain/bin/../lib/gcc/arm-none-eabi/4.9.3/armv7-m\libgcc.a(_arm_fixunssfsi.o)
                              ./L5_Application/source/high_level_init.o (__aeabi_f2uiz)
c:/sjsu_dev/toolchain/bin/../lib/gcc/arm-none-eabi/4.9.3/armv7-m\libgcc.a(_aeabi_uldivmod.o)
                              ./L5_Application/source/cmd_handlers/handlers.o (__aeabi_uldivmod)
c:/sjsu_dev/toolchain/bin/../lib/gcc/arm-none-eabi/4.9.3/armv7-m\libgcc.a(bpabi.o)
                              c:/sjsu_dev/toolchain/bin/../lib/gcc/arm-none-eabi/4.9.3/armv7-m\libgcc.a(_aeabi_uldivmod.o) (__gnu_uldivmod_helper)
c:/sjsu_dev/toolchain/bin/../lib/gcc/arm-none-eabi/4.9.3/armv7-m\libgcc.a(_dvmd_tls.o)
                              c:/sjsu_dev/toolchain/bin/../lib/gcc/arm-none-eabi/4.9.3/armv7-m\libgcc.a(_aeabi_uldivmod.o) (__aeabi_ldiv0)
c:/sjsu_dev/toolchain/bin/../lib/gcc/arm-none-eabi/4.9.3/armv7-m\libgcc.a(_divdi3.o)
                              c:/sjsu_dev/toolchain/bin/../lib/gcc/arm-none-eabi/4.9.3/armv7-m\libgcc.a(bpabi.o) (__divdi3)
c:/sjsu_dev/toolchain/bin/../lib/gcc/arm-none-eabi/4.9.3/armv7-m\libgcc.a(_udivdi3.o)
[...]
Memory Configuration

Name             Origin             Length             Attributes
FLASH            0x00010000         0x00070000         xr
SRAM             0x10000000         0x00008000         xrw
SRAM_AHB         0x2007c000         0x00008000         xrw
*default*        0x00000000         0xffffffff

Linker script and memory map

LOAD ./newlib/malloc_lock.o
LOAD ./newlib/memory.o
LOAD ./newlib/newlib_syscalls.o
LOAD ./newlib/newlib_time.o
LOAD ./L5_Application/source/cmd_handlers/handlers.o
LOAD ./L5_Application/source/cmd_handlers/prog_handlers.o
LOAD ./L5_Application/source/cmd_handlers/wireless_handlers.o
LOAD ./L5_Application/source/Bluetooth.o
LOAD ./L5_Application/source/Pwm.o
LOAD ./L5_Application/source/high_level_init.o
LOAD ./L5_Application/source/remote.o
LOAD ./L5_Application/source/terminal.o
LOAD ./L5_Application/examples/examples.o
LOAD ./L5_Application/examples/rn_xv_task.o
LOAD ./L5_Application/main.o
LOAD ./L4_IO/wireless/src/mesh.o
LOAD ./L4_IO/wireless/src/nrf24L01Plus.o
LOAD ./L4_IO/wireless/src/wireless.o
LOAD ./L4_IO/src/gpio.o
LOAD ./L4_IO/src/io_source.o
LOAD ./L4_IO/src/storage.o
LOAD ./L4_IO/fat/option/ccsbcs.o
LOAD ./L4_IO/fat/option/reentrant.o
LOAD ./L4_IO/fat/disk/diskio.o
LOAD ./L4_IO/fat/disk/sd.o
LOAD ./L4_IO/fat/disk/spi_flash.o
LOAD ./L4_IO/fat/fatfs_time.o
LOAD ./L4_IO/fat/ff.o
LOAD ./L3_Utils/tlm/src/c_tlm_binary.o
LOAD ./L3_Utils/tlm/src/c_tlm_comp.o
LOAD ./L3_Utils/tlm/src/c_tlm_stream.o
LOAD ./L3_Utils/tlm/src/c_tlm_var.o
LOAD ./L3_Utils/src/c_list.o
LOAD ./L3_Utils/src/command_handler.o
LOAD ./L3_Utils/src/file_logger.o
LOAD ./L3_Utils/src/freertos_timer.o
LOAD ./L3_Utils/src/printf_lib.o
LOAD ./L3_Utils/src/rtc_alarm.o
LOAD ./L3_Utils/src/scheduler_task.o
LOAD ./L3_Utils/src/str.o
LOAD ./L3_Utils/src/utilities.o
LOAD ./L2_Drivers/src/adc.o
LOAD ./L2_Drivers/src/can.o
LOAD ./L2_Drivers/src/eint.o
LOAD ./L2_Drivers/src/i2c2.o
LOAD ./L2_Drivers/src/lpc_pwm.o
LOAD ./L2_Drivers/src/lpc_rit.o
LOAD ./L2_Drivers/src/lpc_timers.o
LOAD ./L2_Drivers/src/nrf_stream.o
LOAD ./L2_Drivers/src/rtc.o
LOAD ./L2_Drivers/src/spi_dma.o
LOAD ./L2_Drivers/src/spi_sem.o
LOAD ./L2_Drivers/src/uart0.o
LOAD ./L2_Drivers/src/uart2.o
LOAD ./L2_Drivers/src/uart3.o
LOAD ./L2_Drivers/base/char_dev.o
LOAD ./L2_Drivers/base/i2c_base.o
LOAD ./L2_Drivers/base/uart_dev.o
LOAD ./L1_FreeRTOS/src/croutine.o
LOAD ./L1_FreeRTOS/src/event_groups.o
LOAD ./L1_FreeRTOS/src/list.o
LOAD ./L1_FreeRTOS/src/queue.o
LOAD ./L1_FreeRTOS/src/tasks.o
LOAD ./L1_FreeRTOS/src/timers.o
LOAD ./L1_FreeRTOS/portable/no_mpu/port.o
LOAD ./L1_FreeRTOS/portable/run_time_stats.o
LOAD ./L1_FreeRTOS/hooks/hooks.o
LOAD ./L0_LowLevel/source/core_cm3.o
LOAD ./L0_LowLevel/source/low_level_init.o
LOAD ./L0_LowLevel/source/lpc_peripherals.o
LOAD ./L0_LowLevel/source/lpc_sys.o
LOAD ./L0_LowLevel/source/startup.o
LOAD ./L0_LowLevel/source/sys_clock.o
LOAD ./L0_LowLevel/source/uart0_min.o
LOAD c:/sjsu_dev/toolchain/bin/../lib/gcc/arm-none-eabi/4.9.3/../../../../arm-none-eabi/lib/armv7-m\libstdc++_nano.a
LOAD c:/sjsu_dev/toolchain/bin/../lib/gcc/arm-none-eabi/4.9.3/../../../../arm-none-eabi/lib/armv7-m\libm.a
START GROUP
LOAD c:/sjsu_dev/toolchain/bin/../lib/gcc/arm-none-eabi/4.9.3/armv7-m\libgcc.a
LOAD c:/sjsu_dev/toolchain/bin/../lib/gcc/arm-none-eabi/4.9.3/../../../../arm-none-eabi/lib/armv7-m\libc_nano.a
END GROUP
START GROUP
LOAD c:/sjsu_dev/toolchain/bin/../lib/gcc/arm-none-eabi/4.9.3/armv7-m\libgcc.a
LOAD c:/sjsu_dev/toolchain/bin/../lib/gcc/arm-none-eabi/4.9.3/../../../../arm-none-eabi/lib/armv7-m\libc_nano.a
END GROUP

.text           0x00010000    0x10ec0
 FILL mask 0xff
 *(.isr_vector)
 .isr_vector    0x00010000       0xcc ./L0_LowLevel/source/startup.o
                0x00010000                g_pfnVectors
                0x000100cc                . = ALIGN (0x4)
                0x000100cc                __section_table_start = .
                0x000100cc                __data_section_table = .
                0x000100cc        0x4 LONG 0x20ec8 LOADADDR (.data)
                0x000100d0        0x4 LONG 0x2007c000 ADDR (.data)
                0x000100d4        0x4 LONG 0x1bc SIZEOF (.data)
                0x000100d8                __data_section_table_end = .
                0x000100d8                __bss_section_table = .
                0x000100d8        0x4 LONG 0x2007c1c0 ADDR (.bss)
                0x000100dc        0x4 LONG 0x3e4 SIZEOF (.bss)
                0x000100e0                __bss_section_table_end = .
                0x000100e0                __section_table_end = .
 *(.after_vectors*)
 .after_vectors
                0x000100e0      0x120 ./L0_LowLevel/source/startup.o
                0x000100e0                isr_hard_fault
                0x000100fa                isr_nmi
                0x00010108                isr_mem_fault
                0x00010118                isr_bus_fault
                0x00010128                isr_usage_fault
                0x00010138                isr_debug_mon
                0x00010148                TIMER3_IRQHandler
                0x00010148                UART1_IRQHandler
                0x00010148                EINT2_IRQHandler
                0x00010148                USBAct_IRQHandler
                0x00010148                PLL0_IRQHandler
                0x00010148                I2C1_IRQHandler
                0x00010148                PLL1_IRQHandler
                0x00010148                SSP0_IRQHandler
                0x00010148                CANAct_IRQHandler
                0x00010148                I2S_IRQHandler
                0x00010148                PWM1_IRQHandler
                0x00010148                SPI_IRQHandler
                0x00010148                TIMER2_IRQHandler
                0x00010148                EINT1_IRQHandler
                0x00010148                isr_default_handler
                0x00010148                SSP1_IRQHandler
                0x00010148                ENET_IRQHandler
                0x00010148                USB_IRQHandler
                0x00010148                BOD_IRQHandler
                0x00010148                MCPWM_IRQHandler
                0x00010148                WDT_IRQHandler
                0x00010148                I2C0_IRQHandler
                0x00010148                QEI_IRQHandler
                0x00010148                EINT0_IRQHandler
                0x00010148                DMA_IRQHandler
                0x00010148                TIMER0_IRQHandler
                0x00010158                isr_sys_tick
                0x0001016a                data_init(unsigned int, unsigned int, unsigned int)
                0x00010180                bss_init(unsigned int, unsigned int)
                0x00010192                isr_reset
 *(.text*)
 .text._sbrk    0x00010200       0x78 ./newlib/memory.o
                0x00010200                _sbrk
 .text._Znwj    0x00010278        0x4 ./newlib/memory.o
                0x00010278                operator new(unsigned int)
 .text._ZdlPv   0x0001027c        0x4 ./newlib/memory.o
                0x0001027c                operator delete(void*)
 .text.sys_get_mem_info
                0x00010280       0xb0 ./newlib/memory.o
                0x00010280                sys_get_mem_info
 .text._ZN9__gnu_cxx27__verbose_terminate_handlerEv
                0x00010330        0x2 ./newlib/memory.o
                0x00010330                __gnu_cxx::__verbose_terminate_handler()
 *fill*         0x00010332        0x2 
 .text.sys_set_outchar_func
                0x00010334        0xc ./newlib/newlib_syscalls.o
                0x00010334                sys_set_outchar_func
 .text.sys_set_inchar_func
                0x00010340        0xc ./newlib/newlib_syscalls.o
                0x00010340                sys_set_inchar_func
 .text._kill    0x0001034c       0x10 ./newlib/newlib_syscalls.o
                0x0001034c                _kill
 .text._exit    0x0001035c       0x10 ./newlib/newlib_syscalls.o
                0x0001035c                _exit
 .text._getpid  0x0001036c        0x4 ./newlib/newlib_syscalls.o
                0x0001036c                _getpid
 .text._init    0x00010370        0x4 ./newlib/newlib_syscalls.o
                0x00010370                _init
 .text._write   0x00010374       0x28 ./newlib/newlib_syscalls.o
                0x00010374                _write
 .text._read    0x0001039c       0x2c ./newlib/newlib_syscalls.o
                0x0001039c                _read
 .text.syscalls_init
                0x000103c8        0x2 ./newlib/newlib_syscalls.o
                0x000103c8                syscalls_init
 .text._fstat   0x000103ca        0x4 ./newlib/newlib_syscalls.o
                0x000103ca                _fstat
 *fill*         0x000103ce        0x2 
 .text._isatty  0x000103d0       0x24 ./newlib/newlib_syscalls.o
                0x000103d0                _isatty
 .text._lseek   0x000103f4        0x4 ./newlib/newlib_syscalls.o
                0x000103f4                _lseek
 .text._close   0x000103f8        0x4 ./newlib/newlib_syscalls.o
                0x000103f8                _close
 .text._gettimeofday
                0x000103fc       0x7a ./newlib/newlib_time.o
                0x000103fc                _gettimeofday
 *fill*         0x00010476        0x2 
 .text._ZN7Storage13getFlashDriveEv
                0x00010478       0x48 ./L5_Application/source/cmd_handlers/handlers.o
                0x00010478                Storage::getFlashDrive()
 .text._ZN17SingletonTemplateI4I2C2E11getInstanceEv
                0x000104c0       0x20 ./L5_Application/source/cmd_handlers/handlers.o
                0x000104c0                SingletonTemplate<I2C2>::getInstance()
 .text._ZN14scheduler_task4initEv
                0x000104e0        0x4 ./L5_Application/source/Bluetooth.o
                0x000104e0                scheduler_task::init()
 .text._ZN14scheduler_task6regTlmEv
                0x000104e4        0x4 ./L5_Application/source/Bluetooth.o
                0x000104e4                scheduler_task::regTlm()
 .text._ZN14scheduler_task9taskEntryEv
                0x000104e8        0x4 ./L5_Application/source/Bluetooth.o
                0x000104e8                scheduler_task::taskEntry()
 .text._ZN13BluetoothTaskD2Ev
                0x000104ec        0x2 ./L5_Application/source/Bluetooth.o
                0x000104ec                BluetoothTask::~BluetoothTask()
                0x000104ec                BluetoothTask::~BluetoothTask()
 *fill*         0x000104ee        0x2 
 .text._ZN13BluetoothTask3runEPv
                0x000104f0       0x50 ./L5_Application/source/Bluetooth.o
                0x000104f0                BluetoothTask::run(void*)
 .text._ZN13BluetoothTaskD0Ev
                0x00010540        0xc ./L5_Application/source/Bluetooth.o
                0x00010540                BluetoothTask::~BluetoothTask()
 .text._ZN17SingletonTemplateI5Uart3E11getInstanceEv
                0x0001054c       0x20 ./L5_Application/source/Bluetooth.o
                0x0001054c                SingletonTemplate<Uart3>::getInstance()
 .text._ZN13BluetoothTaskC2Emh
                0x0001056c       0x48 ./L5_Application/source/Bluetooth.o
                0x0001056c                BluetoothTask::BluetoothTask(unsigned long, unsigned char)
                0x0001056c                BluetoothTask::BluetoothTask(unsigned long, unsigned char)
 .text._ZN13BluetoothTask4initEv
                0x000105b4       0xc0 ./L5_Application/source/Bluetooth.o
                0x000105b4                BluetoothTask::init()
 .text._ZN7PWMTaskD2Ev
                0x00010674       0x30 ./L5_Application/source/Pwm.o
                0x00010674                PWMTask::~PWMTask()
                0x00010674                PWMTask::~PWMTask()
 .text._ZN7PWMTaskD0Ev
                0x000106a4       0x12 ./L5_Application/source/Pwm.o
                0x000106a4                PWMTask::~PWMTask()
 *fill*         0x000106b6        0x2 
 .text._ZN7PWMTaskC2Emh
                0x000106b8       0x68 ./L5_Application/source/Pwm.o
                0x000106b8                PWMTask::PWMTask(unsigned long, unsigned char)
                0x000106b8                PWMTask::PWMTask(unsigned long, unsigned char)
 .text._ZN17SingletonTemplateI3LEDE11getInstanceEv
                0x00010720       0x1c ./L5_Application/source/Pwm.o
                0x00010720                SingletonTemplate<LED>::getInstance()
 .text._ZN7PWMTask8motorcmdEi
                0x0001073c      0x284 ./L5_Application/source/Pwm.o
                0x0001073c                PWMTask::motorcmd(int)
 .text._ZN7PWMTask3runEPv
                0x000109c0       0xac ./L5_Application/source/Pwm.o
                0x000109c0                PWMTask::run(void*)
 .text._ZL13hl_print_linev
                0x00010a6c        0xc ./L5_Application/source/high_level_init.o
 .text.ssp_set_max_clock
                0x00010a78       0x2c ./L5_Application/source/high_level_init.o
 .text._ZL16hl_mount_storageR16FileSystemObjectPKc
                0x00010aa4       0x94 ./L5_Application/source/high_level_init.o
 .text._ZN17SingletonTemplateI11LED_DisplayE11getInstanceEv
                0x00010b38       0x24 ./L5_Application/source/high_level_init.o
                0x00010b38                SingletonTemplate<LED_Display>::getInstance()
 .text._ZN17SingletonTemplateI17TemperatureSensorE11getInstanceEv
                0x00010b5c       0x28 ./L5_Application/source/high_level_init.o
                0x00010b5c                SingletonTemplate<TemperatureSensor>::getInstance()
 .text._ZN17SingletonTemplateI12Light_SensorE11getInstanceEv
                0x00010b84       0x18 ./L5_Application/source/high_level_init.o
                0x00010b84                SingletonTemplate<Light_Sensor>::getInstance()
 .text._ZN17SingletonTemplateI8SwitchesE11getInstanceEv
                0x00010b9c       0x18 ./L5_Application/source/high_level_init.o
                0x00010b9c                SingletonTemplate<Switches>::getInstance()
 .text._Z15high_level_initv
                0x00010bb4      0x548 ./L5_Application/source/high_level_init.o
                0x00010bb4                high_level_init()
 .text._ZN17SingletonTemplateI9IR_SensorE11getInstanceEv
                0x000110fc       0x18 ./L5_Application/source/remote.o
                0x000110fc                SingletonTemplate<IR_Sensor>::getInstance()
 .text.startup.main
                0x00011114       0x3c ./L5_Application/main.o
                0x00011114                main
 .text.mesh_incr_soft_timers_for_arr
                0x00011150       0x26 ./L4_IO/wireless/src/mesh.o
 *fill*         0x00011176        0x2 
 .text.mesh_update_soft_timers
                0x00011178       0x4c ./L4_IO/wireless/src/mesh.o
 .text.mesh_send_packet
                0x000111c4       0x3c ./L4_IO/wireless/src/mesh.o
 .text.mesh_send_retry_packet
                0x00011200       0x34 ./L4_IO/wireless/src/mesh.o
 .text.mesh_find_rte_tbl_entry
                0x00011234       0x24 ./L4_IO/wireless/src/mesh.o
 .text.mesh_update_rte_scores
                0x00011258       0x28 ./L4_IO/wireless/src/mesh.o
 .text.mesh_get_pnd_pkt_slot
                0x00011280       0x42 ./L4_IO/wireless/src/mesh.o
 *fill*         0x000112c2        0x2 
 .text.mesh_pending_packets_add
                0x000112c4       0x90 ./L4_IO/wireless/src/mesh.o
 .text.mesh_get_rte_to_modify
                0x00011354       0x60 ./L4_IO/wireless/src/mesh.o
 .text.mesh_handle_pnd_pkts_for_arr
                0x000113b4      0x180 ./L4_IO/wireless/src/mesh.o
 .text.mesh_set_node_address
                0x00011534       0x18 ./L4_IO/wireless/src/mesh.o
                0x00011534                mesh_set_node_address
 .text.mesh_get_node_address
                0x0001154c        0xc ./L4_IO/wireless/src/mesh.o
                0x0001154c                mesh_get_node_address
 .text.mesh_form_pkt
                0x00011558       0xfc ./L4_IO/wireless/src/mesh.o
                0x00011558                mesh_form_pkt
 .text.mesh_send_formed_pkt
                0x00011654       0x50 ./L4_IO/wireless/src/mesh.o
                0x00011654                mesh_send_formed_pkt
 .text.mesh_init
                0x000116a4      0x104 ./L4_IO/wireless/src/mesh.o
                0x000116a4                mesh_init
 .text.mesh_send
                0x000117a8       0x3e ./L4_IO/wireless/src/mesh.o
                0x000117a8                mesh_send
 .text.mesh_send_ack
                0x000117e6       0x1a ./L4_IO/wireless/src/mesh.o
 .text.mesh_get_num_routing_entries
                0x00011800       0x1c ./L4_IO/wireless/src/mesh.o
                0x00011800                mesh_get_num_routing_entries
 .text.mesh_service
                0x0001181c      0x2c4 ./L4_IO/wireless/src/mesh.o
                0x0001181c                mesh_service
 .text.mesh_get_pnd_pkt_count
                0x00011ae0       0x34 ./L4_IO/wireless/src/mesh.o
                0x00011ae0                mesh_get_pnd_pkt_count
 .text.nordic_transfer
                0x00011b14      0x110 ./L4_IO/wireless/src/nrf24L01Plus.o
 .text.nordic_readRegister
                0x00011c24       0x20 ./L4_IO/wireless/src/nrf24L01Plus.o
 .text.nordic_writeRegister
                0x00011c44       0x20 ./L4_IO/wireless/src/nrf24L01Plus.o
 .text.nordic_is_tx_fifo_empty
                0x00011c64        0xe ./L4_IO/wireless/src/nrf24L01Plus.o
                0x00011c64                nordic_is_tx_fifo_empty
 .text.nordic_clear_all_intr_flags
                0x00011c72        0x8 ./L4_IO/wireless/src/nrf24L01Plus.o
                0x00011c72                nordic_clear_all_intr_flags
 .text.nordic_queue_tx_fifo
                0x00011c7a        0xe ./L4_IO/wireless/src/nrf24L01Plus.o
                0x00011c7a                nordic_queue_tx_fifo
 .text.nordic_standby1_to_tx_mode1
                0x00011c88       0x16 ./L4_IO/wireless/src/nrf24L01Plus.o
                0x00011c88                nordic_standby1_to_tx_mode1
 *fill*         0x00011c9e        0x2 
 .text.nordic_rx_to_Stanby1
                0x00011ca0       0x10 ./L4_IO/wireless/src/nrf24L01Plus.o
                0x00011ca0                nordic_rx_to_Stanby1
 .text.nordic_standby1_to_rx
                0x00011cb0       0x24 ./L4_IO/wireless/src/nrf24L01Plus.o
                0x00011cb0                nordic_standby1_to_rx
 .text.nordic_clear_packet_sent_flag
                0x00011cd4        0x8 ./L4_IO/wireless/src/nrf24L01Plus.o
                0x00011cd4                nordic_clear_packet_sent_flag
 .text.nordic_flush_tx_fifo
                0x00011cdc        0xc ./L4_IO/wireless/src/nrf24L01Plus.o
                0x00011cdc                nordic_flush_tx_fifo
 .text.nordic_mode1_send_single_packet
                0x00011ce8       0x4c ./L4_IO/wireless/src/nrf24L01Plus.o
                0x00011ce8                nordic_mode1_send_single_packet
 .text.nordic_is_packet_available
                0x00011d34       0x12 ./L4_IO/wireless/src/nrf24L01Plus.o
                0x00011d34                nordic_is_packet_available
 .text.nordic_clear_packet_available_flag
                0x00011d46        0x8 ./L4_IO/wireless/src/nrf24L01Plus.o
                0x00011d46                nordic_clear_packet_available_flag
 .text.nordic_read_rx_fifo
                0x00011d4e       0x16 ./L4_IO/wireless/src/nrf24L01Plus.o
                0x00011d4e                nordic_read_rx_fifo
 .text.nordic_flush_rx_fifo
                0x00011d64        0xc ./L4_IO/wireless/src/nrf24L01Plus.o
                0x00011d64                nordic_flush_rx_fifo
 .text.nordic_set_intr_signals
                0x00011d70       0x3e ./L4_IO/wireless/src/nrf24L01Plus.o
                0x00011d70                nordic_set_intr_signals
 .text.nordic_set_crc
                0x00011dae       0x38 ./L4_IO/wireless/src/nrf24L01Plus.o
                0x00011dae                nordic_set_crc
 .text.nordic_power_up
                0x00011de6       0x18 ./L4_IO/wireless/src/nrf24L01Plus.o
                0x00011de6                nordic_power_up
 .text.nordic_power_down
                0x00011dfe       0x16 ./L4_IO/wireless/src/nrf24L01Plus.o
                0x00011dfe                nordic_power_down
 .text.nordic_set_channel
                0x00011e14       0x24 ./L4_IO/wireless/src/nrf24L01Plus.o
                0x00011e14                nordic_set_channel
 .text.nordic_set_air_data_rate
                0x00011e38       0x2c ./L4_IO/wireless/src/nrf24L01Plus.o
                0x00011e38                nordic_set_air_data_rate
 .text.nordic_set_power_level
                0x00011e64       0x24 ./L4_IO/wireless/src/nrf24L01Plus.o
                0x00011e64                nordic_set_power_level
 .text.nordic_set_auto_transmit_options
                0x00011e88       0x32 ./L4_IO/wireless/src/nrf24L01Plus.o
                0x00011e88                nordic_set_auto_transmit_options
 .text.nordic_set_payload_for_pipe
                0x00011eba       0x14 ./L4_IO/wireless/src/nrf24L01Plus.o
                0x00011eba                nordic_set_payload_for_pipe
 .text.nordic_set_addr_width
                0x00011ece       0x16 ./L4_IO/wireless/src/nrf24L01Plus.o
                0x00011ece                nordic_set_addr_width
 .text.nordic_set_tx_address
                0x00011ee4        0xe ./L4_IO/wireless/src/nrf24L01Plus.o
                0x00011ee4                nordic_set_tx_address
 .text.nordic_set_rx_pipe0_addr
                0x00011ef2        0xe ./L4_IO/wireless/src/nrf24L01Plus.o
                0x00011ef2                nordic_set_rx_pipe0_addr
 .text.nordic_init
                0x00011f00       0xc8 ./L4_IO/wireless/src/nrf24L01Plus.o
                0x00011f00                nordic_init
 .text.nrf_irq_callback
                0x00011fc8       0x30 ./L4_IO/wireless/src/wireless.o
 .text.nrf_driver_init
                0x00011ff8       0x70 ./L4_IO/wireless/src/wireless.o
 .text.nrf_driver_app_recv
                0x00012068       0x50 ./L4_IO/wireless/src/wireless.o
 .text.nrf_driver_send
                0x000120b8       0x5c ./L4_IO/wireless/src/wireless.o
 .text.nrf_driver_receive
                0x00012114       0x22 ./L4_IO/wireless/src/wireless.o
 .text.nrf_driver_get_timer
                0x00012136       0x28 ./L4_IO/wireless/src/wireless.o
 *fill*         0x0001215e        0x2 
 .text.wireless_init
                0x00012160       0x4c ./L4_IO/wireless/src/wireless.o
                0x00012160                wireless_init
 .text.wireless_service
                0x000121ac       0x4c ./L4_IO/wireless/src/wireless.o
                0x000121ac                wireless_service
 .text._ZN11i2c2_device8writeRegEhh
                0x000121f8       0x16 ./L4_IO/src/io_source.o
                0x000121f8                i2c2_device::writeReg(unsigned char, unsigned char)
 .text._ZN11i2c2_device16get16BitRegisterEh
                0x0001220e       0x28 ./L4_IO/src/io_source.o
                0x0001220e                i2c2_device::get16BitRegister(unsigned char)
 .text._ZN19Acceleration_Sensor4initEv
                0x00012236       0x20 ./L4_IO/src/io_source.o
                0x00012236                Acceleration_Sensor::init()
 *fill*         0x00012256        0x2 
 .text._ZN9IR_Sensor11storeIrCodeEm
                0x00012258       0x1c ./L4_IO/src/io_source.o
                0x00012258                IR_Sensor::storeIrCode(unsigned long)
 .text._ZN9IR_Sensor12decodeIrCodeEv
                0x00012274       0x60 ./L4_IO/src/io_source.o
                0x00012274                IR_Sensor::decodeIrCode()
 .text._ZN9IR_Sensor4initEv
                0x000122d4       0x34 ./L4_IO/src/io_source.o
                0x000122d4                IR_Sensor::init()
 .text._ZN11LED_Display12setLeftDigitEc
                0x00012308       0x18 ./L4_IO/src/io_source.o
                0x00012308                LED_Display::setLeftDigit(char)
 .text._ZN11LED_Display13setRightDigitEc
                0x00012320       0x18 ./L4_IO/src/io_source.o
                0x00012320                LED_Display::setRightDigit(char)
 .text._ZN11LED_Display4initEv
                0x00012338       0x38 ./L4_IO/src/io_source.o
                0x00012338                LED_Display::init()
 .text._ZN11LED_Display9setNumberEc
                0x00012370       0x3c ./L4_IO/src/io_source.o
                0x00012370                LED_Display::setNumber(char)
 .text._ZN3LED4initEv
                0x000123ac        0x4 ./L4_IO/src/io_source.o
                0x000123ac                LED::init()
 .text._ZN3LED6setAllEh
                0x000123b0       0x5c ./L4_IO/src/io_source.o
                0x000123b0                LED::setAll(unsigned char)
 .text._ZN12Light_Sensor4initEv
                0x0001240c        0x4 ./L4_IO/src/io_source.o
                0x0001240c                Light_Sensor::init()
 .text._ZN12Light_Sensor11getRawValueEv
                0x00012410        0x6 ./L4_IO/src/io_source.o
                0x00012410                Light_Sensor::getRawValue()
 .text._ZN8Switches4initEv
                0x00012416        0x4 ./L4_IO/src/io_source.o
                0x00012416                Switches::init()
 *fill*         0x0001241a        0x2 
 .text._ZN8Switches15getSwitchValuesEv
                0x0001241c       0x18 ./L4_IO/src/io_source.o
                0x0001241c                Switches::getSwitchValues()
 .text._ZN8I2C_Temp4initEv
                0x00012434       0x22 ./L4_IO/src/io_source.o
                0x00012434                I2C_Temp::init()
 .text._ZN8I2C_Temp10getCelsiusEv
                0x00012456       0x32 ./L4_IO/src/io_source.o
                0x00012456                I2C_Temp::getCelsius()
 .text._ZN8I2C_Temp12getFarenheitEv
                0x00012488       0x24 ./L4_IO/src/io_source.o
                0x00012488                I2C_Temp::getFarenheit()
 .text._ZN7Storage4readEPKcPvjj
                0x000124ac       0x46 ./L4_IO/src/storage.o
                0x000124ac                Storage::read(char const*, void*, unsigned int, unsigned int)
 *fill*         0x000124f2        0x2 
 .text.ff_convert
                0x000124f4       0x38 ./L4_IO/fat/option/ccsbcs.o
                0x000124f4                ff_convert
 .text.ff_wtoupper
                0x0001252c       0x24 ./L4_IO/fat/option/ccsbcs.o
                0x0001252c                ff_wtoupper
 .text.ff_cre_syncobj
                0x00012550       0x14 ./L4_IO/fat/option/reentrant.o
                0x00012550                ff_cre_syncobj
 .text.ff_del_syncobj
                0x00012564        0x4 ./L4_IO/fat/option/reentrant.o
                0x00012564                ff_del_syncobj
 .text.ff_req_grant
                0x00012568       0x26 ./L4_IO/fat/option/reentrant.o
                0x00012568                ff_req_grant
 .text.ff_rel_grant
                0x0001258e       0x1e ./L4_IO/fat/option/reentrant.o
                0x0001258e                ff_rel_grant
 .text.disk_initialize
                0x000125ac       0x26 ./L4_IO/fat/disk/diskio.o
                0x000125ac                disk_initialize
 .text.disk_status
                0x000125d2       0x10 ./L4_IO/fat/disk/diskio.o
                0x000125d2                disk_status
 .text.disk_read
                0x000125e2       0x38 ./L4_IO/fat/disk/diskio.o
                0x000125e2                disk_read
 .text.disk_write
                0x0001261a       0x38 ./L4_IO/fat/disk/diskio.o
                0x0001261a                disk_write
 .text.disk_ioctl
                0x00012652       0x32 ./L4_IO/fat/disk/diskio.o
                0x00012652                disk_ioctl
 .text.sys_get_uptime_ms
                0x00012684       0x12 ./L4_IO/fat/disk/sd.o
 *fill*         0x00012696        0x2 
 .text.ssp_set_max_clock.constprop.2
                0x00012698       0x30 ./L4_IO/fat/disk/sd.o
 .text.ssp1_exchange_byte
                0x000126c8       0x18 ./L4_IO/fat/disk/sd.o
 .text.wait_ready
                0x000126e0       0x2e ./L4_IO/fat/disk/sd.o
                0x000126e0                wait_ready
 *fill*         0x0001270e        0x2 
 .text.power_off
                0x00012710       0x24 ./L4_IO/fat/disk/sd.o
                0x00012710                power_off
 .text.rcvr_datablock
                0x00012734       0x84 ./L4_IO/fat/disk/sd.o
                0x00012734                rcvr_datablock
 .text.xmit_datablock
                0x000127b8       0x4c ./L4_IO/fat/disk/sd.o
                0x000127b8                xmit_datablock
 .text.send_cmd
                0x00012804       0x8c ./L4_IO/fat/disk/sd.o
                0x00012804                send_cmd
 .text.sd_update_card_status
                0x00012890       0x24 ./L4_IO/fat/disk/sd.o
                0x00012890                sd_update_card_status
 .text.sd_initialize
                0x000128b4      0x15c ./L4_IO/fat/disk/sd.o
                0x000128b4                sd_initialize
 .text.sd_status
                0x00012a10       0x10 ./L4_IO/fat/disk/sd.o
                0x00012a10                sd_status
 .text.sd_read  0x00012a20       0x9c ./L4_IO/fat/disk/sd.o
                0x00012a20                sd_read
 .text.sd_write
                0x00012abc       0xb4 ./L4_IO/fat/disk/sd.o
                0x00012abc                sd_write
 .text.sd_ioctl
                0x00012b70      0x228 ./L4_IO/fat/disk/sd.o
                0x00012b70                sd_ioctl
 .text._ZL24flash_get_mem_size_bytesv
                0x00012d98       0x20 ./L4_IO/fat/disk/spi_flash.o
 .text._ZL37flash_perform_page_io_of_fatfs_sectorPFvPhmmES_m
                0x00012db8       0x74 ./L4_IO/fat/disk/spi_flash.o
 .text.ssp1_exchange_data
                0x00012e2c       0xcc ./L4_IO/fat/disk/spi_flash.o
 .text._ZL18flash_send_op_addr14flash_opcode_tm
                0x00012ef8       0x24 ./L4_IO/fat/disk/spi_flash.o
 .text._ZL15flash_read_pagePhmm
                0x00012f1c       0x44 ./L4_IO/fat/disk/spi_flash.o
 .text._ZL20flash_wait_for_readyv
                0x00012f60       0x40 ./L4_IO/fat/disk/spi_flash.o
 .text.flash_initialize
                0x00012fa0       0x98 ./L4_IO/fat/disk/spi_flash.o
                0x00012fa0                flash_initialize
 .text.flash_read_sectors
                0x00013038       0x4c ./L4_IO/fat/disk/spi_flash.o
                0x00013038                flash_read_sectors
 .text.flash_write_sectors
                0x00013084       0x48 ./L4_IO/fat/disk/spi_flash.o
                0x00013084                flash_write_sectors
 .text.flash_ioctl
                0x000130cc       0x38 ./L4_IO/fat/disk/spi_flash.o
                0x000130cc                flash_ioctl
 .text.flash_write_permanent_id
                0x00013104       0x44 ./L4_IO/fat/disk/spi_flash.o
                0x00013104                flash_write_permanent_id
 .text.flash_read_permanent_id
                0x00013148       0x28 ./L4_IO/fat/disk/spi_flash.o
                0x00013148                flash_read_permanent_id
 .text.flash_get_page_count
                0x00013170       0x20 ./L4_IO/fat/disk/spi_flash.o
                0x00013170                flash_get_page_count
 .text.flash_get_page_size
                0x00013190        0xc ./L4_IO/fat/disk/spi_flash.o
                0x00013190                flash_get_page_size
 .text.flash_supports_metadata
                0x0001319c       0x10 ./L4_IO/fat/disk/spi_flash.o
                0x0001319c                flash_supports_metadata
 .text._ZL16flash_write_pagePhmm
                0x000131ac       0x8c ./L4_IO/fat/disk/spi_flash.o
 .text.flash_chip_erase
                0x00013238       0x28 ./L4_IO/fat/disk/spi_flash.o
                0x00013238                flash_chip_erase
 .text.get_fattime
                0x00013260       0x52 ./L4_IO/fat/fatfs_time.o
                0x00013260                get_fattime
 .text.mem_cpy  0x000132b2       0x38 ./L4_IO/fat/ff.o
 .text.mem_set  0x000132ea        0xe ./L4_IO/fat/ff.o
 .text.sum_sfn  0x000132f8       0x1e ./L4_IO/fat/ff.o
 .text.get_ldnumber
                0x00013316       0x3e ./L4_IO/fat/ff.o
 .text.sync_window
                0x00013354       0x4a ./L4_IO/fat/ff.o
 *fill*         0x0001339e        0x2 
 .text.sync_fs  0x000133a0       0x78 ./L4_IO/fat/ff.o
 .text.move_window
                0x00013418       0x34 ./L4_IO/fat/ff.o
 .text.check_fs
                0x0001344c       0x4c ./L4_IO/fat/ff.o
 .text.find_volume
                0x00013498      0x220 ./L4_IO/fat/ff.o
 .text.validate
                0x000136b8       0x3a ./L4_IO/fat/ff.o
 .text.unlock_fs
                0x000136f2       0x1a ./L4_IO/fat/ff.o
 .text.clust2sect
                0x0001370c       0x16 ./L4_IO/fat/ff.o
                0x0001370c                clust2sect
 .text.get_fat  0x00013722       0xa6 ./L4_IO/fat/ff.o
                0x00013722                get_fat
 .text.dir_sdi  0x000137c8       0x82 ./L4_IO/fat/ff.o
 .text.put_fat  0x0001384a       0xd0 ./L4_IO/fat/ff.o
                0x0001384a                put_fat
 .text.create_chain
                0x0001391a       0xa2 ./L4_IO/fat/ff.o
 .text.dir_next
                0x000139bc       0xee ./L4_IO/fat/ff.o
 *fill*         0x00013aaa        0x2 
 .text.dir_find
                0x00013aac      0x12c ./L4_IO/fat/ff.o
 .text.follow_path
                0x00013bd8      0x25c ./L4_IO/fat/ff.o
 .text.dir_register
                0x00013e34      0x208 ./L4_IO/fat/ff.o
 .text.remove_chain
                0x0001403c       0x5a ./L4_IO/fat/ff.o
 *fill*         0x00014096        0x2 
 .text.f_mount  0x00014098       0x7c ./L4_IO/fat/ff.o
                0x00014098                f_mount
 .text.f_open   0x00014114      0x132 ./L4_IO/fat/ff.o
                0x00014114                f_open
 .text.f_read   0x00014246      0x17c ./L4_IO/fat/ff.o
                0x00014246                f_read
 .text.f_write  0x000143c2      0x1a8 ./L4_IO/fat/ff.o
                0x000143c2                f_write
 .text.f_sync   0x0001456a       0x8c ./L4_IO/fat/ff.o
                0x0001456a                f_sync
 .text.f_close  0x000145f6       0x24 ./L4_IO/fat/ff.o
                0x000145f6                f_close
 .text.f_lseek  0x0001461a      0x14c ./L4_IO/fat/ff.o
                0x0001461a                f_lseek
 .text.f_getfree
                0x00014766       0xca ./L4_IO/fat/ff.o
                0x00014766                f_getfree
 .text.f_mkfs   0x00014830      0x4f0 ./L4_IO/fat/ff.o
                0x00014830                f_mkfs
 .text.c_list_for_each_elm
                0x00014d20       0x2a ./L3_Utils/src/c_list.o
                0x00014d20                c_list_for_each_elm
 *fill*         0x00014d4a        0x2 
 .text.logger_write_to_file
                0x00014d4c       0xb0 ./L3_Utils/src/file_logger.o
 .text.logger_task
                0x00014dfc       0xc0 ./L3_Utils/src/file_logger.o
 .text.logger_init
                0x00014ebc       0xd8 ./L3_Utils/src/file_logger.o
                0x00014ebc                logger_init
 .text.u0_dbg_put
                0x00014f94       0x1e ./L3_Utils/src/printf_lib.o
                0x00014f94                u0_dbg_put
 .text.u0_dbg_printf
                0x00014fb2       0x3c ./L3_Utils/src/printf_lib.o
                0x00014fb2                u0_dbg_printf
 .text.for_each_recur_alarm_callback
                0x00014fee       0x26 ./L3_Utils/src/rtc_alarm.o
 .text.for_each_alarm_callback
                0x00015014       0x5c ./L3_Utils/src/rtc_alarm.o
 .text.RTC_IRQHandler
                0x00015070       0xa4 ./L3_Utils/src/rtc_alarm.o
                0x00015070                RTC_IRQHandler
 .text._ZL9printlinePKcS0_
                0x00015114       0xac ./L3_Utils/src/scheduler_task.o
 .text._ZL9dbg_printPKcS0_
                0x000151c0       0x74 ./L3_Utils/src/scheduler_task.o
 .text._Z24scheduler_c_task_privatePv
                0x00015234      0x118 ./L3_Utils/src/scheduler_task.o
                0x00015234                scheduler_c_task_private(void*)
 .text._Z18scheduler_init_allb
                0x0001534c       0xec ./L3_Utils/src/scheduler_task.o
                0x0001534c                scheduler_init_all(bool)
 .text._Z18scheduler_add_taskP14scheduler_task
                0x00015438       0x1c ./L3_Utils/src/scheduler_task.o
                0x00015438                scheduler_add_task(scheduler_task*)
 .text._Z15scheduler_startbb
                0x00015454       0x44 ./L3_Utils/src/scheduler_task.o
                0x00015454                scheduler_start(bool, bool)
 .text._ZN14scheduler_taskC2EPKcmhPv
                0x00015498       0x34 ./L3_Utils/src/scheduler_task.o
                0x00015498                scheduler_task::scheduler_task(char const*, unsigned long, unsigned char, void*)
                0x00015498                scheduler_task::scheduler_task(char const*, unsigned long, unsigned char, void*)
 .text._ZN14scheduler_task15addSharedObjectEhPv
                0x000154cc       0x4c ./L3_Utils/src/scheduler_task.o
                0x000154cc                scheduler_task::addSharedObject(unsigned char, void*)
 .text._ZN14scheduler_task15getSharedObjectEh
                0x00015518       0x18 ./L3_Utils/src/scheduler_task.o
                0x00015518                scheduler_task::getSharedObject(unsigned char)
 .text.delay_us
                0x00015530       0x1c ./L3_Utils/src/utilities.o
                0x00015530                delay_us
 .text.is_freertos_running
                0x0001554c        0xe ./L3_Utils/src/utilities.o
                0x0001554c                is_freertos_running
 .text.delay_ms
                0x0001555a       0x22 ./L3_Utils/src/utilities.o
                0x0001555a                delay_ms
 .text.adc0_start_conversion
                0x0001557c       0x24 ./L2_Drivers/src/adc.o
 .text.ADC_IRQHandler
                0x000155a0       0x3c ./L2_Drivers/src/adc.o
                0x000155a0                ADC_IRQHandler
 .text.adc0_init
                0x000155dc       0x74 ./L2_Drivers/src/adc.o
                0x000155dc                adc0_init
 .text.adc0_get_reading
                0x00015650       0x78 ./L2_Drivers/src/adc.o
                0x00015650                adc0_get_reading
 .text.CAN_tx_now
                0x000156c8       0x32 ./L2_Drivers/src/can.o
 *fill*         0x000156fa        0x2 
 .text.CAN_handle_isr
                0x000156fc       0xa4 ./L2_Drivers/src/can.o
 .text.CAN_IRQHandler
                0x000157a0       0x28 ./L2_Drivers/src/can.o
                0x000157a0                CAN_IRQHandler
 .text.handle_eint_list
                0x000157c8       0x2c ./L2_Drivers/src/eint.o
 .text.eint3_enable.isra.0
                0x000157f4       0x38 ./L2_Drivers/src/eint.o
 .text.EINT3_IRQHandler
                0x0001582c       0x80 ./L2_Drivers/src/eint.o
                0x0001582c                EINT3_IRQHandler
 .text.eint3_enable_port0
                0x000158ac       0x30 ./L2_Drivers/src/eint.o
                0x000158ac                eint3_enable_port0
 .text._ZN4I2C24initEj
                0x000158dc       0x6c ./L2_Drivers/src/i2c2.o
                0x000158dc                I2C2::init(unsigned int)
 .text._ZN4I2C2C2Ev
                0x00015948       0x14 ./L2_Drivers/src/i2c2.o
                0x00015948                I2C2::I2C2()
                0x00015948                I2C2::I2C2()
 .text.I2C2_IRQHandler
                0x0001595c       0x24 ./L2_Drivers/src/i2c2.o
                0x0001595c                I2C2_IRQHandler
 .text._ZN3PWMC2ENS_7pwmTypeEj
                0x00015980       0x84 ./L2_Drivers/src/lpc_pwm.o
                0x00015980                PWM::PWM(PWM::pwmType, unsigned int)
                0x00015980                PWM::PWM(PWM::pwmType, unsigned int)
 .text._ZN3PWMD2Ev
                0x00015a04       0x30 ./L2_Drivers/src/lpc_pwm.o
                0x00015a04                PWM::~PWM()
                0x00015a04                PWM::~PWM()
 .text._ZN3PWM3setEf
                0x00015a34       0x80 ./L2_Drivers/src/lpc_pwm.o
                0x00015a34                PWM::set(float)
 .text.RIT_IRQHandler
                0x00015ab4       0x1c ./L2_Drivers/src/lpc_rit.o
                0x00015ab4                RIT_IRQHandler
 .text.lpc_timer_get_struct
                0x00015ad0       0x20 ./L2_Drivers/src/lpc_timers.o
 .text.lpc_timer_enable
                0x00015af0       0x50 ./L2_Drivers/src/lpc_timers.o
                0x00015af0                lpc_timer_enable
 .text.rtc_gettime
                0x00015b40       0x50 ./L2_Drivers/src/rtc.o
                0x00015b40                rtc_gettime
 .text.rtc_settime
                0x00015b90       0x68 ./L2_Drivers/src/rtc.o
                0x00015b90                rtc_settime
 .text.rtc_init
                0x00015bf8       0xd0 ./L2_Drivers/src/rtc.o
                0x00015bf8                rtc_init
 .text.ssp1_dma_init
                0x00015cc8       0x1c ./L2_Drivers/src/spi_dma.o
                0x00015cc8                ssp1_dma_init
 .text.ssp1_dma_transfer_block
                0x00015ce4       0xc4 ./L2_Drivers/src/spi_dma.o
                0x00015ce4                ssp1_dma_transfer_block
 .text.spi1_lock
                0x00015da8       0x30 ./L2_Drivers/src/spi_sem.o
                0x00015da8                spi1_lock
 .text.spi1_unlock
                0x00015dd8       0x24 ./L2_Drivers/src/spi_sem.o
                0x00015dd8                spi1_unlock
 .text._ZN5Uart0D2Ev
                0x00015dfc       0x14 ./L2_Drivers/src/uart0.o
                0x00015dfc                Uart0::~Uart0()
                0x00015dfc                Uart0::~Uart0()
 .text._ZN5Uart0D0Ev
                0x00015e10       0x12 ./L2_Drivers/src/uart0.o
                0x00015e10                Uart0::~Uart0()
 *fill*         0x00015e22        0x2 
 .text._ZN5Uart0C2Ev
                0x00015e24       0x1c ./L2_Drivers/src/uart0.o
                0x00015e24                Uart0::Uart0()
                0x00015e24                Uart0::Uart0()
 .text.UART0_IRQHandler
                0x00015e40       0x24 ./L2_Drivers/src/uart0.o
                0x00015e40                UART0_IRQHandler
 .text._ZN5Uart2D2Ev
                0x00015e64       0x14 ./L2_Drivers/src/uart2.o
                0x00015e64                Uart2::~Uart2()
                0x00015e64                Uart2::~Uart2()
 .text._ZN5Uart2D0Ev
                0x00015e78       0x12 ./L2_Drivers/src/uart2.o
                0x00015e78                Uart2::~Uart2()
 *fill*         0x00015e8a        0x2 
 .text._ZN5Uart2C2Ev
                0x00015e8c       0x1c ./L2_Drivers/src/uart2.o
                0x00015e8c                Uart2::Uart2()
                0x00015e8c                Uart2::Uart2()
 .text.UART2_IRQHandler
                0x00015ea8       0x24 ./L2_Drivers/src/uart2.o
                0x00015ea8                UART2_IRQHandler
 .text._ZN5Uart3D2Ev
                0x00015ecc       0x14 ./L2_Drivers/src/uart3.o
                0x00015ecc                Uart3::~Uart3()
                0x00015ecc                Uart3::~Uart3()
 .text._ZN5Uart3D0Ev
                0x00015ee0       0x12 ./L2_Drivers/src/uart3.o
                0x00015ee0                Uart3::~Uart3()
 *fill*         0x00015ef2        0x2 
 .text._ZN5Uart34initEjii
                0x00015ef4       0x40 ./L2_Drivers/src/uart3.o
                0x00015ef4                Uart3::init(unsigned int, int, int)
 .text._ZN5Uart3C2Ev
                0x00015f34       0x1c ./L2_Drivers/src/uart3.o
                0x00015f34                Uart3::Uart3()
                0x00015f34                Uart3::Uart3()
 .text.UART3_IRQHandler
                0x00015f50       0x24 ./L2_Drivers/src/uart3.o
                0x00015f50                UART3_IRQHandler
 .text._ZN7CharDev5flushEv
                0x00015f74        0x4 ./L2_Drivers/base/char_dev.o
                0x00015f74                CharDev::flush()
 .text._ZN7CharDev3putEPKcj
                0x00015f78       0x26 ./L2_Drivers/base/char_dev.o
                0x00015f78                CharDev::put(char const*, unsigned int)
 .text._ZN7CharDev4getsEPcij
                0x00015f9e       0x50 ./L2_Drivers/base/char_dev.o
                0x00015f9e                CharDev::gets(char*, int, unsigned int)
 *fill*         0x00015fee        0x2 
 .text._ZN7CharDevC2Ev
                0x00015ff0       0x20 ./L2_Drivers/base/char_dev.o
                0x00015ff0                CharDev::CharDev()
                0x00015ff0                CharDev::CharDev()
 .text._ZN7CharDevD2Ev
                0x00016010       0x18 ./L2_Drivers/base/char_dev.o
                0x00016010                CharDev::~CharDev()
                0x00016010                CharDev::~CharDev()
 .text._ZN8I2C_Base8transferEhhPhm
                0x00016028       0xda ./L2_Drivers/base/i2c_base.o
                0x00016028                I2C_Base::transfer(unsigned char, unsigned char, unsigned char*, unsigned long)
 .text._ZN8I2C_Base13readRegistersEhhPhm
                0x00016102        0x8 ./L2_Drivers/base/i2c_base.o
                0x00016102                I2C_Base::readRegisters(unsigned char, unsigned char, unsigned char*, unsigned long)
 .text._ZN8I2C_Base7readRegEhh
                0x0001610a       0x1a ./L2_Drivers/base/i2c_base.o
                0x0001610a                I2C_Base::readReg(unsigned char, unsigned char)
 .text._ZN8I2C_Base14writeRegistersEhhPhm
                0x00016124        0x8 ./L2_Drivers/base/i2c_base.o
                0x00016124                I2C_Base::writeRegisters(unsigned char, unsigned char, unsigned char*, unsigned long)
 .text._ZN8I2C_Base8writeRegEhhh
                0x0001612c       0x16 ./L2_Drivers/base/i2c_base.o
                0x0001612c                I2C_Base::writeReg(unsigned char, unsigned char, unsigned char)
 .text._ZN8I2C_Base19checkDeviceResponseEh
                0x00016142       0x16 ./L2_Drivers/base/i2c_base.o
                0x00016142                I2C_Base::checkDeviceResponse(unsigned char)
 .text._ZN8I2C_BaseC2EP15LPC_I2C_TypeDef
                0x00016158       0x5c ./L2_Drivers/base/i2c_base.o
                0x00016158                I2C_Base::I2C_Base(LPC_I2C_TypeDef*)
                0x00016158                I2C_Base::I2C_Base(LPC_I2C_TypeDef*)
 .text._ZN8I2C_Base4initEmm
                0x000161b4       0x8c ./L2_Drivers/base/i2c_base.o
                0x000161b4                I2C_Base::init(unsigned long, unsigned long)
 .text._ZN8I2C_Base15i2cStateMachineEv
                0x00016240      0x122 ./L2_Drivers/base/i2c_base.o
                0x00016240                I2C_Base::i2cStateMachine()
 *fill*         0x00016362        0x2 
 .text._ZN8I2C_Base15handleInterruptEv
                0x00016364       0x30 ./L2_Drivers/base/i2c_base.o
                0x00016364                I2C_Base::handleInterrupt()
 .text._ZN7UartDevD2Ev
                0x00016394       0x14 ./L2_Drivers/base/uart_dev.o
                0x00016394                UartDev::~UartDev()
                0x00016394                UartDev::~UartDev()
 .text._ZN7UartDevD0Ev
                0x000163a8       0x12 ./L2_Drivers/base/uart_dev.o
                0x000163a8                UartDev::~UartDev()
 .text._ZN7UartDev7putCharEcj
                0x000163ba       0x5a ./L2_Drivers/base/uart_dev.o
                0x000163ba                UartDev::putChar(char, unsigned int)
 .text._ZN7UartDev5flushEv
                0x00016414       0x20 ./L2_Drivers/base/uart_dev.o
                0x00016414                UartDev::flush()
 .text._ZN7UartDev7getCharEPcj
                0x00016434       0x6c ./L2_Drivers/base/uart_dev.o
                0x00016434                UartDev::getChar(char*, unsigned int)
 .text._ZN7UartDev11setBaudRateEj
                0x000164a0       0x3c ./L2_Drivers/base/uart_dev.o
                0x000164a0                UartDev::setBaudRate(unsigned int)
 .text._ZN7UartDev15handleInterruptEv
                0x000164dc       0xb4 ./L2_Drivers/base/uart_dev.o
                0x000164dc                UartDev::handleInterrupt()
 .text._ZN7UartDevC2EPj
                0x00016590       0x28 ./L2_Drivers/base/uart_dev.o
                0x00016590                UartDev::UartDev(unsigned int*)
                0x00016590                UartDev::UartDev(unsigned int*)
 .text._ZN7UartDev4initEjjii
                0x000165b8       0xb0 ./L2_Drivers/base/uart_dev.o
                0x000165b8                UartDev::init(unsigned int, unsigned int, int, int)
 .text.vListInitialise
                0x00016668       0x16 ./L1_FreeRTOS/src/list.o
                0x00016668                vListInitialise
 .text.vListInitialiseItem
                0x0001667e        0x6 ./L1_FreeRTOS/src/list.o
                0x0001667e                vListInitialiseItem
 .text.vListInsertEnd
                0x00016684       0x18 ./L1_FreeRTOS/src/list.o
                0x00016684                vListInsertEnd
 .text.vListInsert
                0x0001669c       0x30 ./L1_FreeRTOS/src/list.o
                0x0001669c                vListInsert
 .text.uxListRemove
                0x000166cc       0x20 ./L1_FreeRTOS/src/list.o
                0x000166cc                uxListRemove
 .text.prvCopyDataToQueue
                0x000166ec       0x6a ./L1_FreeRTOS/src/queue.o
 .text.prvNotifyQueueSetContainer
                0x00016756       0x36 ./L1_FreeRTOS/src/queue.o
 .text.prvCopyDataFromQueue
                0x0001678c       0x28 ./L1_FreeRTOS/src/queue.o
 .text.prvUnlockQueue
                0x000167b4       0x78 ./L1_FreeRTOS/src/queue.o
 .text.pvPortMalloc
                0x0001682c       0x1e ./L1_FreeRTOS/src/queue.o
                0x0001682c                pvPortMalloc
 .text.vPortFree
                0x0001684a       0x1a ./L1_FreeRTOS/src/queue.o
                0x0001684a                vPortFree
 .text.xQueueGenericReset
                0x00016864       0x5a ./L1_FreeRTOS/src/queue.o
                0x00016864                xQueueGenericReset
 .text.xQueueGenericCreate
                0x000168be       0x50 ./L1_FreeRTOS/src/queue.o
                0x000168be                xQueueGenericCreate
 .text.xQueueCreateCountingSemaphore
                0x0001690e       0x12 ./L1_FreeRTOS/src/queue.o
                0x0001690e                xQueueCreateCountingSemaphore
 .text.xQueueGenericSend
                0x00016920       0xe6 ./L1_FreeRTOS/src/queue.o
                0x00016920                xQueueGenericSend
 .text.xQueueCreateMutex
                0x00016a06       0x4c ./L1_FreeRTOS/src/queue.o
                0x00016a06                xQueueCreateMutex
 .text.xQueueGenericSendFromISR
                0x00016a52       0x76 ./L1_FreeRTOS/src/queue.o
                0x00016a52                xQueueGenericSendFromISR
 .text.xQueueGenericReceive
                0x00016ac8      0x102 ./L1_FreeRTOS/src/queue.o
                0x00016ac8                xQueueGenericReceive
 .text.xQueueReceiveFromISR
                0x00016bca       0x52 ./L1_FreeRTOS/src/queue.o
                0x00016bca                xQueueReceiveFromISR
 .text.uxQueueMessagesWaiting
                0x00016c1c       0x12 ./L1_FreeRTOS/src/queue.o
                0x00016c1c                uxQueueMessagesWaiting
 .text.uxQueueMessagesWaitingFromISR
                0x00016c2e        0x4 ./L1_FreeRTOS/src/queue.o
                0x00016c2e                uxQueueMessagesWaitingFromISR
 .text.xQueueSelectFromSet
                0x00016c32       0x18 ./L1_FreeRTOS/src/queue.o
                0x00016c32                xQueueSelectFromSet
 .text.prvResetRunTimeStatsInList
                0x00016c4a       0x2e ./L1_FreeRTOS/src/tasks.o
 .text.prvIdleTask
                0x00016c78       0x18 ./L1_FreeRTOS/src/tasks.o
 .text.prvResetNextTaskUnblockTime
                0x00016c90       0x24 ./L1_FreeRTOS/src/tasks.o
 .text.prvAddCurrentTaskToDelayedList
                0x00016cb4       0x50 ./L1_FreeRTOS/src/tasks.o
 .text.xTaskGenericCreate
                0x00016d04      0x1a0 ./L1_FreeRTOS/src/tasks.o
                0x00016d04                xTaskGenericCreate
 .text.vTaskStartScheduler
                0x00016ea4       0x54 ./L1_FreeRTOS/src/tasks.o
                0x00016ea4                vTaskStartScheduler
 .text.vTaskEndScheduler
                0x00016ef8       0x18 ./L1_FreeRTOS/src/tasks.o
                0x00016ef8                vTaskEndScheduler
 .text.vTaskSuspendAll
                0x00016f10       0x10 ./L1_FreeRTOS/src/tasks.o
                0x00016f10                vTaskSuspendAll
 .text.xTaskGetTickCount
                0x00016f20       0x18 ./L1_FreeRTOS/src/tasks.o
                0x00016f20                xTaskGetTickCount
 .text.xTaskGetTickCountFromISR
                0x00016f38       0x18 ./L1_FreeRTOS/src/tasks.o
                0x00016f38                xTaskGetTickCountFromISR
 .text.xTaskIncrementTick
                0x00016f50       0xfc ./L1_FreeRTOS/src/tasks.o
                0x00016f50                xTaskIncrementTick
 .text.xTaskResumeAll
                0x0001704c       0xc0 ./L1_FreeRTOS/src/tasks.o
                0x0001704c                xTaskResumeAll
 .text.vTaskDelayUntil
                0x0001710c       0x74 ./L1_FreeRTOS/src/tasks.o
                0x0001710c                vTaskDelayUntil
 .text.vTaskDelay
                0x00017180       0x54 ./L1_FreeRTOS/src/tasks.o
                0x00017180                vTaskDelay
 .text.vTaskSwitchContext
                0x000171d4       0xcc ./L1_FreeRTOS/src/tasks.o
                0x000171d4                vTaskSwitchContext
 .text.vTaskSuspend
                0x000172a0       0xa4 ./L1_FreeRTOS/src/tasks.o
                0x000172a0                vTaskSuspend
 .text.vTaskPlaceOnEventList
                0x00017344       0x5c ./L1_FreeRTOS/src/tasks.o
                0x00017344                vTaskPlaceOnEventList
 .text.xTaskRemoveFromEventList
                0x000173a0       0x6c ./L1_FreeRTOS/src/tasks.o
                0x000173a0                xTaskRemoveFromEventList
 .text.vTaskSetTimeOutState
                0x0001740c       0x18 ./L1_FreeRTOS/src/tasks.o
                0x0001740c                vTaskSetTimeOutState
 .text.xTaskCheckForTimeOut
                0x00017424       0x4c ./L1_FreeRTOS/src/tasks.o
                0x00017424                xTaskCheckForTimeOut
 .text.vTaskMissedYield
                0x00017470        0xc ./L1_FreeRTOS/src/tasks.o
                0x00017470                vTaskMissedYield
 .text.uxTaskGetStackHighWaterMark
                0x0001747c       0x20 ./L1_FreeRTOS/src/tasks.o
                0x0001747c                uxTaskGetStackHighWaterMark
 .text.xTaskGetSchedulerState
                0x0001749c       0x20 ./L1_FreeRTOS/src/tasks.o
                0x0001749c                xTaskGetSchedulerState
 .text.vTaskPriorityInherit
                0x000174bc       0x94 ./L1_FreeRTOS/src/tasks.o
                0x000174bc                vTaskPriorityInherit
 .text.xTaskPriorityDisinherit
                0x00017550       0x70 ./L1_FreeRTOS/src/tasks.o
                0x00017550                xTaskPriorityDisinherit
 .text.pvTaskIncrementMutexHeldCount
                0x000175c0       0x18 ./L1_FreeRTOS/src/tasks.o
                0x000175c0                pvTaskIncrementMutexHeldCount
 .text.vTaskResetRunTimeStats
                0x000175d8       0x70 ./L1_FreeRTOS/src/tasks.o
                0x000175d8                vTaskResetRunTimeStats
 .text.vRunTimeStatIsrEntry
                0x00017648       0x28 ./L1_FreeRTOS/src/tasks.o
                0x00017648                vRunTimeStatIsrEntry
 .text.vRunTimeStatIsrExit
                0x00017670       0x10 ./L1_FreeRTOS/src/tasks.o
                0x00017670                vRunTimeStatIsrExit
 .text.prvPortStartFirstTask
                0x00017680       0x20 ./L1_FreeRTOS/portable/no_mpu/port.o
 .text.pxPortInitialiseStack
                0x000176a0       0x1c ./L1_FreeRTOS/portable/no_mpu/port.o
                0x000176a0                pxPortInitialiseStack
 .text.vPortSVCHandler
                0x000176bc       0x24 ./L1_FreeRTOS/portable/no_mpu/port.o
                0x000176bc                vPortSVCHandler
 .text.vPortEndScheduler
                0x000176e0        0x2 ./L1_FreeRTOS/portable/no_mpu/port.o
                0x000176e0                vPortEndScheduler
 *fill*         0x000176e2        0x2 
 .text.vPortYield
                0x000176e4       0x18 ./L1_FreeRTOS/portable/no_mpu/port.o
                0x000176e4                vPortYield
 .text.ulPortSetInterruptMask
                0x000176fc       0x10 ./L1_FreeRTOS/portable/no_mpu/port.o
                0x000176fc                ulPortSetInterruptMask
 .text.prvTaskExitError
                0x0001770c        0x8 ./L1_FreeRTOS/portable/no_mpu/port.o
 .text.vPortEnterCritical
                0x00017714       0x1c ./L1_FreeRTOS/portable/no_mpu/port.o
                0x00017714                vPortEnterCritical
 .text.vPortClearInterruptMask
                0x00017730        0x6 ./L1_FreeRTOS/portable/no_mpu/port.o
                0x00017730                vPortClearInterruptMask
 *fill*         0x00017736        0x2 
 .text.vPortExitCritical
                0x00017738       0x14 ./L1_FreeRTOS/portable/no_mpu/port.o
                0x00017738                vPortExitCritical
 .text.xPortPendSVHandler
                0x0001774c       0x44 ./L1_FreeRTOS/portable/no_mpu/port.o
                0x0001774c                xPortPendSVHandler
 .text.xPortSysTickHandler
                0x00017790       0x24 ./L1_FreeRTOS/portable/no_mpu/port.o
                0x00017790                xPortSysTickHandler
 .text.vPortSetupTimerInterrupt
                0x000177b4       0x14 ./L1_FreeRTOS/portable/no_mpu/port.o
                0x000177b4                vPortSetupTimerInterrupt
 .text.xPortStartScheduler
                0x000177c8       0x30 ./L1_FreeRTOS/portable/no_mpu/port.o
                0x000177c8                xPortStartScheduler
 .text.vConfigureTimerForRunTimeStats
                0x000177f8       0x14 ./L1_FreeRTOS/portable/run_time_stats.o
                0x000177f8                vConfigureTimerForRunTimeStats
 .text.uxGetTimerForRunTimeStats
                0x0001780c       0x14 ./L1_FreeRTOS/portable/run_time_stats.o
                0x0001780c                uxGetTimerForRunTimeStats
 .text.resetRunTimeCounter
                0x00017820       0x14 ./L1_FreeRTOS/portable/run_time_stats.o
                0x00017820                resetRunTimeCounter
 .text.vApplicationIdleHook
                0x00017834        0x4 ./L1_FreeRTOS/hooks/hooks.o
                0x00017834                vApplicationIdleHook
 .text.vApplicationStackOverflowHook
                0x00017838       0x38 ./L1_FreeRTOS/hooks/hooks.o
                0x00017838                vApplicationStackOverflowHook
 .text.vApplicationMallocFailedHook
                0x00017870       0x24 ./L1_FreeRTOS/hooks/hooks.o
                0x00017870                vApplicationMallocFailedHook
 .text.__set_PSP
                0x00017894        0x6 ./L0_LowLevel/source/core_cm3.o
                0x00017894                __set_PSP
 .text.__set_MSP
                0x0001789a        0x6 ./L0_LowLevel/source/core_cm3.o
                0x0001789a                __set_MSP
 .text.__set_BASEPRI
                0x000178a0        0x6 ./L0_LowLevel/source/core_cm3.o
                0x000178a0                __set_BASEPRI
 *fill*         0x000178a6        0x2 
 .text.sys_get_boot_type
                0x000178a8        0xc ./L0_LowLevel/source/low_level_init.o
                0x000178a8                sys_get_boot_type
 .text._Z14low_level_initv
                0x000178b4      0x238 ./L0_LowLevel/source/low_level_init.o
                0x000178b4                low_level_init()
 .text.lpc_pconp
                0x00017aec       0x30 ./L0_LowLevel/source/lpc_peripherals.o
                0x00017aec                lpc_pconp
 .text.lpc_pclk
                0x00017b1c       0x4c ./L0_LowLevel/source/lpc_peripherals.o
                0x00017b1c                lpc_pclk
 .text.lpc_sys_setup_system_timer
                0x00017b68       0x54 ./L0_LowLevel/source/lpc_sys.o
                0x00017b68                lpc_sys_setup_system_timer
 .text.sys_get_uptime_us
                0x00017bbc       0x28 ./L0_LowLevel/source/lpc_sys.o
                0x00017bbc                sys_get_uptime_us
 .text.sys_get_mem_info_str
                0x00017be4       0x38 ./L0_LowLevel/source/lpc_sys.o
                0x00017be4                sys_get_mem_info_str
 .text.TIMER1_IRQHandler
                0x00017c1c       0xbc ./L0_LowLevel/source/lpc_sys.o
                0x00017c1c                TIMER1_IRQHandler
 .text.isr_forwarder_routine
                0x00017cd8       0x3c ./L0_LowLevel/source/startup.o
 .text.isr_hard_fault_handler
                0x00017d14       0x58 ./L0_LowLevel/source/startup.o
                0x00017d14                isr_hard_fault_handler
 .text._ZL19sys_clock_pll0_feedv
                0x00017d6c       0x14 ./L0_LowLevel/source/sys_clock.o
 .text._ZL23sys_clock_configure_plljjPiS_S_.constprop.0
                0x00017d80       0x7c ./L0_LowLevel/source/sys_clock.o
 .text._Z19sys_clock_configurev
                0x00017dfc       0xb0 ./L0_LowLevel/source/sys_clock.o
                0x00017dfc                sys_clock_configure()
 .text.sys_get_cpu_clock
                0x00017eac       0xa4 ./L0_LowLevel/source/sys_clock.o
                0x00017eac                sys_get_cpu_clock
 .text.uart0_init
                0x00017f50       0x60 ./L0_LowLevel/source/uart0_min.o
                0x00017f50                uart0_init
 .text.uart0_getchar
                0x00017fb0       0x18 ./L0_LowLevel/source/uart0_min.o
                0x00017fb0                uart0_getchar
 .text.uart0_putchar
                0x00017fc8       0x18 ./L0_LowLevel/source/uart0_min.o
                0x00017fc8                uart0_putchar
 .text.uart0_puts
                0x00017fe0       0x1a ./L0_LowLevel/source/uart0_min.o
                0x00017fe0                uart0_puts
 .text._ZNK10__cxxabiv117__class_type_info11__do_upcastEPKS0_PPv
                0x00017ffa       0x34 c:/sjsu_dev/toolchain/bin/../lib/gcc/arm-none-eabi/4.9.3/../../../../arm-none-eabi/lib/armv7-m\libstdc++_nano.a(class_type_info.o)
                0x00017ffa                __cxxabiv1::__class_type_info::__do_upcast(__cxxabiv1::__class_type_info const*, void**) const
 .text._ZNK10__cxxabiv117__class_type_info20__do_find_public_srcEiPKvPKS0_S2_
                0x0001802e        0xc c:/sjsu_dev/toolchain/bin/../lib/gcc/arm-none-eabi/4.9.3/../../../../arm-none-eabi/lib/armv7-m\libstdc++_nano.a(class_type_info.o)
                0x0001802e                __cxxabiv1::__class_type_info::__do_find_public_src(int, void const*, __cxxabiv1::__class_type_info const*, void const*) const
 *fill*         0x0001803a        0x2 
 .text._ZN10__cxxabiv117__class_type_infoD2Ev
                0x0001803c       0x14 c:/sjsu_dev/toolchain/bin/../lib/gcc/arm-none-eabi/4.9.3/../../../../arm-none-eabi/lib/armv7-m\libstdc++_nano.a(class_type_info.o)
                0x0001803c                __cxxabiv1::__class_type_info::~__class_type_info()
                0x0001803c                __cxxabiv1::__class_type_info::~__class_type_info()
 .text._ZN10__cxxabiv117__class_type_infoD0Ev
                0x00018050       0x12 c:/sjsu_dev/toolchain/bin/../lib/gcc/arm-none-eabi/4.9.3/../../../../arm-none-eabi/lib/armv7-m\libstdc++_nano.a(class_type_info.o)
                0x00018050                __cxxabiv1::__class_type_info::~__class_type_info()
 .text._ZNK10__cxxabiv117__class_type_info11__do_upcastEPKS0_PKvRNS0_15__upcast_resultE
                0x00018062       0x18 c:/sjsu_dev/toolchain/bin/../lib/gcc/arm-none-eabi/4.9.3/../../../../arm-none-eabi/lib/armv7-m\libstdc++_nano.a(class_type_info.o)
                0x00018062                __cxxabiv1::__class_type_info::__do_upcast(__cxxabiv1::__class_type_info const*, void const*, __cxxabiv1::__class_type_info::__upcast_result&) const
 .text._ZNK10__cxxabiv117__class_type_info10__do_catchEPKSt9type_infoPPvj
                0x0001807a       0x2a c:/sjsu_dev/toolchain/bin/../lib/gcc/arm-none-eabi/4.9.3/../../../../arm-none-eabi/lib/armv7-m\libstdc++_nano.a(class_type_info.o)
                0x0001807a                __cxxabiv1::__class_type_info::__do_catch(std::type_info const*, void**, unsigned int) const
 .text._ZNK10__cxxabiv117__class_type_info12__do_dyncastEiNS0_10__sub_kindEPKS0_PKvS3_S5_RNS0_16__dyncast_resultE
                0x000180a4       0x38 c:/sjsu_dev/toolchain/bin/../lib/gcc/arm-none-eabi/4.9.3/../../../../arm-none-eabi/lib/armv7-m\libstdc++_nano.a(class_type_info.o)
                0x000180a4                __cxxabiv1::__class_type_info::__do_dyncast(int, __cxxabiv1::__class_type_info::__sub_kind, __cxxabiv1::__class_type_info const*, void const*, __cxxabiv1::__class_type_info const*, void const*, __cxxabiv1::__class_type_info::__dyncast_result&) const
 .text.__cxa_guard_acquire
                0x000180dc       0x18 c:/sjsu_dev/toolchain/bin/../lib/gcc/arm-none-eabi/4.9.3/../../../../arm-none-eabi/lib/armv7-m\libstdc++_nano.a(guard.o)
                0x000180dc                __cxa_guard_acquire
 .text.__cxa_guard_release
                0x000180f4        0x6 c:/sjsu_dev/toolchain/bin/../lib/gcc/arm-none-eabi/4.9.3/../../../../arm-none-eabi/lib/armv7-m\libstdc++_nano.a(guard.o)
                0x000180f4                __cxa_guard_release
 *fill*         0x000180fa        0x2 
 .text._ZN10__cxxabiv121__vmi_class_type_infoD2Ev
                0x000180fc       0x14 c:/sjsu_dev/toolchain/bin/../lib/gcc/arm-none-eabi/4.9.3/../../../../arm-none-eabi/lib/armv7-m\libstdc++_nano.a(vmi_class_type_info.o)
                0x000180fc                __cxxabiv1::__vmi_class_type_info::~__vmi_class_type_info()
                0x000180fc                __cxxabiv1::__vmi_class_type_info::~__vmi_class_type_info()
 .text._ZN10__cxxabiv121__vmi_class_type_infoD0Ev
                0x00018110       0x12 c:/sjsu_dev/toolchain/bin/../lib/gcc/arm-none-eabi/4.9.3/../../../../arm-none-eabi/lib/armv7-m\libstdc++_nano.a(vmi_class_type_info.o)
                0x00018110                __cxxabiv1::__vmi_class_type_info::~__vmi_class_type_info()
 .text._ZNK10__cxxabiv121__vmi_class_type_info20__do_find_public_srcEiPKvPKNS_17__class_type_infoES2_
                0x00018122       0x76 c:/sjsu_dev/toolchain/bin/../lib/gcc/arm-none-eabi/4.9.3/../../../../arm-none-eabi/lib/armv7-m\libstdc++_nano.a(vmi_class_type_info.o)
                0x00018122                __cxxabiv1::__vmi_class_type_info::__do_find_public_src(int, void const*, __cxxabiv1::__class_type_info const*, void const*) const
 .text._ZNK10__cxxabiv117__class_type_info17__find_public_srcEiPKvPKS0_S2_
                0x00018198       0x2a c:/sjsu_dev/toolchain/bin/../lib/gcc/arm-none-eabi/4.9.3/../../../../arm-none-eabi/lib/armv7-m\libstdc++_nano.a(vmi_class_type_info.o)
                0x00018198                __cxxabiv1::__class_type_info::__find_public_src(int, void const*, __cxxabiv1::__class_type_info const*, void const*) const
 .text._ZNK10__cxxabiv121__vmi_class_type_info12__do_dyncastEiNS_17__class_type_info10__sub_kindEPKS1_PKvS4_S6_RNS1_16__dyncast_resultE
                0x000181c2      0x284 c:/sjsu_dev/toolchain/bin/../lib/gcc/arm-none-eabi/4.9.3/../../../../arm-none-eabi/lib/armv7-m\libstdc++_nano.a(vmi_class_type_info.o)
                0x000181c2                __cxxabiv1::__vmi_class_type_info::__do_dyncast(int, __cxxabiv1::__class_type_info::__sub_kind, __cxxabiv1::__class_type_info const*, void const*, __cxxabiv1::__class_type_info const*, void const*, __cxxabiv1::__class_type_info::__dyncast_result&) const
 .text._ZNK10__cxxabiv121__vmi_class_type_info11__do_upcastEPKNS_17__class_type_infoEPKvRNS1_15__upcast_resultE
                0x00018446      0x12e c:/sjsu_dev/toolchain/bin/../lib/gcc/arm-none-eabi/4.9.3/../../../../arm-none-eabi/lib/armv7-m\libstdc++_nano.a(vmi_class_type_info.o)
                0x00018446                __cxxabiv1::__vmi_class_type_info::__do_upcast(__cxxabiv1::__class_type_info const*, void const*, __cxxabiv1::__class_type_info::__upcast_result&) const
 .text._ZN10__cxxabiv120__si_class_type_infoD2Ev
                0x00018574       0x14 c:/sjsu_dev/toolchain/bin/../lib/gcc/arm-none-eabi/4.9.3/../../../../arm-none-eabi/lib/armv7-m\libstdc++_nano.a(si_class_type_info.o)
                0x00018574                __cxxabiv1::__si_class_type_info::~__si_class_type_info()
                0x00018574                __cxxabiv1::__si_class_type_info::~__si_class_type_info()
 .text._ZN10__cxxabiv120__si_class_type_infoD0Ev
                0x00018588       0x12 c:/sjsu_dev/toolchain/bin/../lib/gcc/arm-none-eabi/4.9.3/../../../../arm-none-eabi/lib/armv7-m\libstdc++_nano.a(si_class_type_info.o)
                0x00018588                __cxxabiv1::__si_class_type_info::~__si_class_type_info()
 .text._ZNK10__cxxabiv120__si_class_type_info20__do_find_public_srcEiPKvPKNS_17__class_type_infoES2_
                0x0001859a       0x38 c:/sjsu_dev/toolchain/bin/../lib/gcc/arm-none-eabi/4.9.3/../../../../arm-none-eabi/lib/armv7-m\libstdc++_nano.a(si_class_type_info.o)
                0x0001859a                __cxxabiv1::__si_class_type_info::__do_find_public_src(int, void const*, __cxxabiv1::__class_type_info const*, void const*) const
 .text._ZNK10__cxxabiv120__si_class_type_info12__do_dyncastEiNS_17__class_type_info10__sub_kindEPKS1_PKvS4_S6_RNS1_16__dyncast_resultE
                0x000185d2       0x7c c:/sjsu_dev/toolchain/bin/../lib/gcc/arm-none-eabi/4.9.3/../../../../arm-none-eabi/lib/armv7-m\libstdc++_nano.a(si_class_type_info.o)
                0x000185d2                __cxxabiv1::__si_class_type_info::__do_dyncast(int, __cxxabiv1::__class_type_info::__sub_kind, __cxxabiv1::__class_type_info const*, void const*, __cxxabiv1::__class_type_info const*, void const*, __cxxabiv1::__class_type_info::__dyncast_result&) const
 .text._ZNK10__cxxabiv120__si_class_type_info11__do_upcastEPKNS_17__class_type_infoEPKvRNS1_15__upcast_resultE
                0x0001864e       0x2a c:/sjsu_dev/toolchain/bin/../lib/gcc/arm-none-eabi/4.9.3/../../../../arm-none-eabi/lib/armv7-m\libstdc++_nano.a(si_class_type_info.o)
                0x0001864e                __cxxabiv1::__si_class_type_info::__do_upcast(__cxxabiv1::__class_type_info const*, void const*, __cxxabiv1::__class_type_info::__upcast_result&) const
 .text.__cxa_pure_virtual
                0x00018678       0x14 c:/sjsu_dev/toolchain/bin/../lib/gcc/arm-none-eabi/4.9.3/../../../../arm-none-eabi/lib/armv7-m\libstdc++_nano.a(pure.o)
                0x00018678                __cxa_pure_virtual
 .text._ZN10__cxxabiv111__terminateEPFvvE
                0x0001868c        0x8 c:/sjsu_dev/toolchain/bin/../lib/gcc/arm-none-eabi/4.9.3/../../../../arm-none-eabi/lib/armv7-m\libstdc++_nano.a(eh_terminate.o)
                0x0001868c                __cxxabiv1::__terminate(void (*)())
 .text._ZSt13get_terminatev
                0x00018694       0x10 c:/sjsu_dev/toolchain/bin/../lib/gcc/arm-none-eabi/4.9.3/../../../../arm-none-eabi/lib/armv7-m\libstdc++_nano.a(eh_terminate.o)
                0x00018694                std::get_terminate()
 .text._ZSt9terminatev
                0x000186a4        0xa c:/sjsu_dev/toolchain/bin/../lib/gcc/arm-none-eabi/4.9.3/../../../../arm-none-eabi/lib/armv7-m\libstdc++_nano.a(eh_terminate.o)
                0x000186a4                std::terminate()
 .text._ZNSt9type_infoD2Ev
                0x000186ae        0x2 c:/sjsu_dev/toolchain/bin/../lib/gcc/arm-none-eabi/4.9.3/../../../../arm-none-eabi/lib/armv7-m\libstdc++_nano.a(tinfo.o)
                0x000186ae                std::type_info::~type_info()
                0x000186ae                std::type_info::~type_info()
 .text._ZNKSt9type_info14__is_pointer_pEv
                0x000186b0        0x4 c:/sjsu_dev/toolchain/bin/../lib/gcc/arm-none-eabi/4.9.3/../../../../arm-none-eabi/lib/armv7-m\libstdc++_nano.a(tinfo.o)
                0x000186b0                std::type_info::__is_pointer_p() const
 .text._ZNKSt9type_info15__is_function_pEv
                0x000186b4        0x4 c:/sjsu_dev/toolchain/bin/../lib/gcc/arm-none-eabi/4.9.3/../../../../arm-none-eabi/lib/armv7-m\libstdc++_nano.a(tinfo.o)
                0x000186b4                std::type_info::__is_function_p() const
 .text._ZNKSt9type_infoeqERKS_
                0x000186b8       0x2c c:/sjsu_dev/toolchain/bin/../lib/gcc/arm-none-eabi/4.9.3/../../../../arm-none-eabi/lib/armv7-m\libstdc++_nano.a(tinfo.o)
                0x000186b8                std::type_info::operator==(std::type_info const&) const
 .text          0x000186e4       0x18 c:/sjsu_dev/toolchain/bin/../lib/gcc/arm-none-eabi/4.9.3/armv7-m\libgcc.a(_ashldi3.o)
                0x000186e4                __aeabi_llsl
                0x000186e4                __ashldi3
 .text          0x000186fc      0x370 c:/sjsu_dev/toolchain/bin/../lib/gcc/arm-none-eabi/4.9.3/armv7-m\libgcc.a(_arm_addsubdf3.o)
                0x000186fc                __aeabi_drsub
                0x00018704                __aeabi_dsub
                0x00018704                __subdf3
                0x00018708                __aeabi_dadd
                0x00018708                __adddf3
                0x00018980                __floatunsidf
                0x00018980                __aeabi_ui2d
                0x000189a0                __floatsidf
                0x000189a0                __aeabi_i2d
                0x000189c4                __aeabi_f2d
                0x000189c4                __extendsfdf2
                0x00018a00                __floatundidf
                0x00018a00                __aeabi_ul2d
                0x00018a10                __floatdidf
                0x00018a10                __aeabi_l2d
 .text          0x00018a6c       0x40 c:/sjsu_dev/toolchain/bin/../lib/gcc/arm-none-eabi/4.9.3/armv7-m\libgcc.a(_arm_fixunsdfsi.o)
                0x00018a6c                __aeabi_d2uiz
                0x00018a6c                __fixunsdfsi
 .text          0x00018aac       0xa0 c:/sjsu_dev/toolchain/bin/../lib/gcc/arm-none-eabi/4.9.3/armv7-m\libgcc.a(_arm_truncdfsf2.o)
                0x00018aac                __truncdfsf2
                0x00018aac                __aeabi_d2f
 .text          0x00018b4c      0x21c c:/sjsu_dev/toolchain/bin/../lib/gcc/arm-none-eabi/4.9.3/armv7-m\libgcc.a(_arm_addsubsf3.o)
                0x00018b4c                __aeabi_frsub
                0x00018b54                __subsf3
                0x00018b54                __aeabi_fsub
                0x00018b58                __aeabi_fadd
                0x00018b58                __addsf3
                0x00018cb8                __aeabi_ui2f
                0x00018cb8                __floatunsisf
                0x00018cc0                __aeabi_i2f
                0x00018cc0                __floatsisf
                0x00018cdc                __aeabi_ul2f
                0x00018cdc                __floatundisf
                0x00018cec                __aeabi_l2f
                0x00018cec                __floatdisf
 .text          0x00018d68      0x2a0 c:/sjsu_dev/toolchain/bin/../lib/gcc/arm-none-eabi/4.9.3/armv7-m\libgcc.a(_arm_muldivsf3.o)
                0x00018d68                __mulsf3
                0x00018d68                __aeabi_fmul
                0x00018ed0                __aeabi_fdiv
                0x00018ed0                __divsf3
 .text          0x00019008       0xec c:/sjsu_dev/toolchain/bin/../lib/gcc/arm-none-eabi/4.9.3/armv7-m\libgcc.a(_arm_cmpsf2.o)
                0x00019008                __gesf2
                0x00019008                __gtsf2
                0x00019010                __lesf2
                0x00019010                __ltsf2
                0x00019018                __nesf2
                0x00019018                __eqsf2
                0x00019018                __cmpsf2
                0x00019078                __aeabi_cfrcmple
                0x00019080                __aeabi_cfcmpeq
                0x00019080                __aeabi_cfcmple
                0x00019090                __aeabi_fcmpeq
                0x000190a4                __aeabi_fcmplt
                0x000190b8                __aeabi_fcmple
                0x000190cc                __aeabi_fcmpge
                0x000190e0                __aeabi_fcmpgt
 .text          0x000190f4       0x40 c:/sjsu_dev/toolchain/bin/../lib/gcc/arm-none-eabi/4.9.3/armv7-m\libgcc.a(_arm_fixunssfsi.o)
                0x000190f4                __fixunssfsi
                0x000190f4                __aeabi_f2uiz
 .text          0x00019134       0x2c c:/sjsu_dev/toolchain/bin/../lib/gcc/arm-none-eabi/4.9.3/armv7-m\libgcc.a(_aeabi_uldivmod.o)
                0x00019134                __aeabi_uldivmod
 .text          0x00019160       0x60 c:/sjsu_dev/toolchain/bin/../lib/gcc/arm-none-eabi/4.9.3/armv7-m\libgcc.a(bpabi.o)
                0x00019160                __gnu_ldivmod_helper
                0x00019190                __gnu_uldivmod_helper
 .text          0x000191c0        0x4 c:/sjsu_dev/toolchain/bin/../lib/gcc/arm-none-eabi/4.9.3/armv7-m\libgcc.a(_dvmd_tls.o)
                0x000191c0                __aeabi_idiv0
                0x000191c0                __aeabi_ldiv0
 .text          0x000191c4      0x2ac c:/sjsu_dev/toolchain/bin/../lib/gcc/arm-none-eabi/4.9.3/armv7-m\libgcc.a(_divdi3.o)
                0x000191c4                __divdi3
 .text          0x00019470      0x270 c:/sjsu_dev/toolchain/bin/../lib/gcc/arm-none-eabi/4.9.3/armv7-m\libgcc.a(_udivdi3.o)
                0x00019470                __udivdi3
 .text.abort    0x000196e0        0xe c:/sjsu_dev/toolchain/bin/../lib/gcc/arm-none-eabi/4.9.3/../../../../arm-none-eabi/lib/armv7-m\libc_nano.a(lib_a-abort.o)
                0x000196e0                abort
 .text.atoi     0x000196ee        0x8 c:/sjsu_dev/toolchain/bin/../lib/gcc/arm-none-eabi/4.9.3/../../../../arm-none-eabi/lib/armv7-m\libc_nano.a(lib_a-atoi.o)
                0x000196ee                atoi
 *fill*         0x000196f6        0x2 
 .text._cleanup_r
                0x000196f8        0xc c:/sjsu_dev/toolchain/bin/../lib/gcc/arm-none-eabi/4.9.3/../../../../arm-none-eabi/lib/armv7-m\libc_nano.a(lib_a-findfp.o)
                0x000196f8                _cleanup_r
 .text.std.isra.0
                0x00019704       0x48 c:/sjsu_dev/toolchain/bin/../lib/gcc/arm-none-eabi/4.9.3/../../../../arm-none-eabi/lib/armv7-m\libc_nano.a(lib_a-findfp.o)
 .text.__sfmoreglue
                0x0001974c       0x2c c:/sjsu_dev/toolchain/bin/../lib/gcc/arm-none-eabi/4.9.3/../../../../arm-none-eabi/lib/armv7-m\libc_nano.a(lib_a-findfp.o)
                0x0001974c                __sfmoreglue
 .text.__sinit  0x00019778       0x60 c:/sjsu_dev/toolchain/bin/../lib/gcc/arm-none-eabi/4.9.3/../../../../arm-none-eabi/lib/armv7-m\libc_nano.a(lib_a-findfp.o)
                0x00019778                __sinit
 .text.__sfp    0x000197d8       0x74 c:/sjsu_dev/toolchain/bin/../lib/gcc/arm-none-eabi/4.9.3/../../../../arm-none-eabi/lib/armv7-m\libc_nano.a(lib_a-findfp.o)
                0x000197d8                __sfp
 .text._fwalk   0x0001984c       0x38 c:/sjsu_dev/toolchain/bin/../lib/gcc/arm-none-eabi/4.9.3/../../../../arm-none-eabi/lib/armv7-m\libc_nano.a(lib_a-fwalk.o)
                0x0001984c                _fwalk
 .text._fwalk_reent
                0x00019884       0x3c c:/sjsu_dev/toolchain/bin/../lib/gcc/arm-none-eabi/4.9.3/../../../../arm-none-eabi/lib/armv7-m\libc_nano.a(lib_a-fwalk.o)
                0x00019884                _fwalk_reent
 .text.__libc_init_array
                0x000198c0       0x4c c:/sjsu_dev/toolchain/bin/../lib/gcc/arm-none-eabi/4.9.3/../../../../arm-none-eabi/lib/armv7-m\libc_nano.a(lib_a-init.o)
                0x000198c0                __libc_init_array
 .text.malloc   0x0001990c       0x10 c:/sjsu_dev/toolchain/bin/../lib/gcc/arm-none-eabi/4.9.3/../../../../arm-none-eabi/lib/armv7-m\libc_nano.a(lib_a-malloc.o)
                0x0001990c                malloc
 .text.free     0x0001991c       0x10 c:/sjsu_dev/toolchain/bin/../lib/gcc/arm-none-eabi/4.9.3/../../../../arm-none-eabi/lib/armv7-m\libc_nano.a(lib_a-malloc.o)
                0x0001991c                free
 .text.memchr   0x0001992c       0x1c c:/sjsu_dev/toolchain/bin/../lib/gcc/arm-none-eabi/4.9.3/../../../../arm-none-eabi/lib/armv7-m\libc_nano.a(lib_a-memchr.o)
                0x0001992c                memchr
 .text.memcmp   0x00019948       0x20 c:/sjsu_dev/toolchain/bin/../lib/gcc/arm-none-eabi/4.9.3/../../../../arm-none-eabi/lib/armv7-m\libc_nano.a(lib_a-memcmp.o)
                0x00019948                memcmp
 .text.memcpy   0x00019968       0x16 c:/sjsu_dev/toolchain/bin/../lib/gcc/arm-none-eabi/4.9.3/../../../../arm-none-eabi/lib/armv7-m\libc_nano.a(lib_a-memcpy.o)
                0x00019968                memcpy
 .text.memmove  0x0001997e       0x36 c:/sjsu_dev/toolchain/bin/../lib/gcc/arm-none-eabi/4.9.3/../../../../arm-none-eabi/lib/armv7-m\libc_nano.a(lib_a-memmove.o)
                0x0001997e                memmove
 .text.memset   0x000199b4       0x10 c:/sjsu_dev/toolchain/bin/../lib/gcc/arm-none-eabi/4.9.3/../../../../arm-none-eabi/lib/armv7-m\libc_nano.a(lib_a-memset.o)
                0x000199b4                memset
 .text.validate_structure
                0x000199c4      0x1ac c:/sjsu_dev/toolchain/bin/../lib/gcc/arm-none-eabi/4.9.3/../../../../arm-none-eabi/lib/armv7-m\libc_nano.a(lib_a-mktime.o)
 .text.mktime   0x00019b70      0x2f4 c:/sjsu_dev/toolchain/bin/../lib/gcc/arm-none-eabi/4.9.3/../../../../arm-none-eabi/lib/armv7-m\libc_nano.a(lib_a-mktime.o)
                0x00019b70                mktime
 .text.mallinfo
                0x00019e64       0x14 c:/sjsu_dev/toolchain/bin/../lib/gcc/arm-none-eabi/4.9.3/../../../../arm-none-eabi/lib/armv7-m\libc_nano.a(lib_a-mstats.o)
                0x00019e64                mallinfo
 .text._free_r  0x00019e78       0x88 c:/sjsu_dev/toolchain/bin/../lib/gcc/arm-none-eabi/4.9.3/../../../../arm-none-eabi/lib/armv7-m\libc_nano.a(lib_a-nano-freer.o)
                0x00019e78                _free_r
 .text._mallinfo_r
                0x00019f00       0x5c c:/sjsu_dev/toolchain/bin/../lib/gcc/arm-none-eabi/4.9.3/../../../../arm-none-eabi/lib/armv7-m\libc_nano.a(lib_a-nano-mallinfor.o)
                0x00019f00                _mallinfo_r
 .text._malloc_r
                0x00019f5c       0xac c:/sjsu_dev/toolchain/bin/../lib/gcc/arm-none-eabi/4.9.3/../../../../arm-none-eabi/lib/armv7-m\libc_nano.a(lib_a-nano-mallocr.o)
                0x00019f5c                _malloc_r
 .text.__cvt    0x0001a008       0xbc c:/sjsu_dev/toolchain/bin/../lib/gcc/arm-none-eabi/4.9.3/../../../../arm-none-eabi/lib/armv7-m\libc_nano.a(lib_a-nano-vfprintf_float.o)
                0x0001a008                __cvt
 .text.__exponent
                0x0001a0c4       0x62 c:/sjsu_dev/toolchain/bin/../lib/gcc/arm-none-eabi/4.9.3/../../../../arm-none-eabi/lib/armv7-m\libc_nano.a(lib_a-nano-vfprintf_float.o)
                0x0001a0c4                __exponent
 *fill*         0x0001a126        0x2 
 .text._printf_float
                0x0001a128      0x488 c:/sjsu_dev/toolchain/bin/../lib/gcc/arm-none-eabi/4.9.3/../../../../arm-none-eabi/lib/armv7-m\libc_nano.a(lib_a-nano-vfprintf_float.o)
                0x0001a128                _printf_float
 .text._printf_common
                0x0001a5b0       0xea c:/sjsu_dev/toolchain/bin/../lib/gcc/arm-none-eabi/4.9.3/../../../../arm-none-eabi/lib/armv7-m\libc_nano.a(lib_a-nano-vfprintf_i.o)
                0x0001a5b0                _printf_common
 *fill*         0x0001a69a        0x2 
 .text._printf_i
                0x0001a69c      0x234 c:/sjsu_dev/toolchain/bin/../lib/gcc/arm-none-eabi/4.9.3/../../../../arm-none-eabi/lib/armv7-m\libc_nano.a(lib_a-nano-vfprintf_i.o)
                0x0001a69c                _printf_i
 .text._scanf_float
                0x0001a8d0      0x3cc c:/sjsu_dev/toolchain/bin/../lib/gcc/arm-none-eabi/4.9.3/../../../../arm-none-eabi/lib/armv7-m\libc_nano.a(lib_a-nano-vfscanf_float.o)
                0x0001a8d0                _scanf_float
 .text.printf   0x0001ac9c       0x30 c:/sjsu_dev/toolchain/bin/../lib/gcc/arm-none-eabi/4.9.3/../../../../arm-none-eabi/lib/armv7-m\libc_nano.a(lib_a-printf.o)
                0x0001ac9c                iprintf
                0x0001ac9c                printf
 .text._puts_r  0x0001accc       0xbc c:/sjsu_dev/toolchain/bin/../lib/gcc/arm-none-eabi/4.9.3/../../../../arm-none-eabi/lib/armv7-m\libc_nano.a(lib_a-puts.o)
                0x0001accc                _puts_r
 .text.puts     0x0001ad88       0x10 c:/sjsu_dev/toolchain/bin/../lib/gcc/arm-none-eabi/4.9.3/../../../../arm-none-eabi/lib/armv7-m\libc_nano.a(lib_a-puts.o)
                0x0001ad88                puts
 .text.srand    0x0001ad98       0x50 c:/sjsu_dev/toolchain/bin/../lib/gcc/arm-none-eabi/4.9.3/../../../../arm-none-eabi/lib/armv7-m\libc_nano.a(lib_a-rand.o)
                0x0001ad98                srand
 .text.rand     0x0001ade8       0x74 c:/sjsu_dev/toolchain/bin/../lib/gcc/arm-none-eabi/4.9.3/../../../../arm-none-eabi/lib/armv7-m\libc_nano.a(lib_a-rand.o)
                0x0001ade8                rand
 .text.realloc  0x0001ae5c       0x14 c:/sjsu_dev/toolchain/bin/../lib/gcc/arm-none-eabi/4.9.3/../../../../arm-none-eabi/lib/armv7-m\libc_nano.a(lib_a-realloc.o)
                0x0001ae5c                realloc
 .text.lflush   0x0001ae70       0x12 c:/sjsu_dev/toolchain/bin/../lib/gcc/arm-none-eabi/4.9.3/../../../../arm-none-eabi/lib/armv7-m\libc_nano.a(lib_a-refill.o)
 *fill*         0x0001ae82        0x2 
 .text.__srefill_r
                0x0001ae84      0x10c c:/sjsu_dev/toolchain/bin/../lib/gcc/arm-none-eabi/4.9.3/../../../../arm-none-eabi/lib/armv7-m\libc_nano.a(lib_a-refill.o)
                0x0001ae84                __srefill_r
 .text.__fpclassifyd
                0x0001af90       0x50 c:/sjsu_dev/toolchain/bin/../lib/gcc/arm-none-eabi/4.9.3/../../../../arm-none-eabi/lib/armv7-m\libc_nano.a(lib_a-s_fpclassify.o)
                0x0001af90                __fpclassifyd
 .text._sbrk_r  0x0001afe0       0x20 c:/sjsu_dev/toolchain/bin/../lib/gcc/arm-none-eabi/4.9.3/../../../../arm-none-eabi/lib/armv7-m\libc_nano.a(lib_a-sbrkr.o)
                0x0001afe0                _sbrk_r
 .text.scanf    0x0001b000       0x30 c:/sjsu_dev/toolchain/bin/../lib/gcc/arm-none-eabi/4.9.3/../../../../arm-none-eabi/lib/armv7-m\libc_nano.a(lib_a-scanf.o)
                0x0001b000                scanf
                0x0001b000                iscanf
 .text.setvbuf  0x0001b030      0x110 c:/sjsu_dev/toolchain/bin/../lib/gcc/arm-none-eabi/4.9.3/../../../../arm-none-eabi/lib/armv7-m\libc_nano.a(lib_a-setvbuf.o)
                0x0001b030                setvbuf
 .text.nanf     0x0001b140        0x8 c:/sjsu_dev/toolchain/bin/../lib/gcc/arm-none-eabi/4.9.3/../../../../arm-none-eabi/lib/armv7-m\libc_nano.a(lib_a-sf_nan.o)
                0x0001b140                nanf
 .text._raise_r
                0x0001b148       0x50 c:/sjsu_dev/toolchain/bin/../lib/gcc/arm-none-eabi/4.9.3/../../../../arm-none-eabi/lib/armv7-m\libc_nano.a(lib_a-signal.o)
                0x0001b148                _raise_r
 .text.raise    0x0001b198       0x10 c:/sjsu_dev/toolchain/bin/../lib/gcc/arm-none-eabi/4.9.3/../../../../arm-none-eabi/lib/armv7-m\libc_nano.a(lib_a-signal.o)
                0x0001b198                raise
 .text._kill_r  0x0001b1a8       0x24 c:/sjsu_dev/toolchain/bin/../lib/gcc/arm-none-eabi/4.9.3/../../../../arm-none-eabi/lib/armv7-m\libc_nano.a(lib_a-signalr.o)
                0x0001b1a8                _kill_r
 .text._getpid_r
                0x0001b1cc        0x4 c:/sjsu_dev/toolchain/bin/../lib/gcc/arm-none-eabi/4.9.3/../../../../arm-none-eabi/lib/armv7-m\libc_nano.a(lib_a-signalr.o)
                0x0001b1cc                _getpid_r
 .text.sprintf  0x0001b1d0       0x48 c:/sjsu_dev/toolchain/bin/../lib/gcc/arm-none-eabi/4.9.3/../../../../arm-none-eabi/lib/armv7-m\libc_nano.a(lib_a-sprintf.o)
                0x0001b1d0                siprintf
                0x0001b1d0                sprintf
 .text.__sread  0x0001b218       0x22 c:/sjsu_dev/toolchain/bin/../lib/gcc/arm-none-eabi/4.9.3/../../../../arm-none-eabi/lib/armv7-m\libc_nano.a(lib_a-stdio.o)
                0x0001b218                __sread
 .text.__swrite
                0x0001b23a       0x38 c:/sjsu_dev/toolchain/bin/../lib/gcc/arm-none-eabi/4.9.3/../../../../arm-none-eabi/lib/armv7-m\libc_nano.a(lib_a-stdio.o)
                0x0001b23a                __swrite
 .text.__sseek  0x0001b272       0x24 c:/sjsu_dev/toolchain/bin/../lib/gcc/arm-none-eabi/4.9.3/../../../../arm-none-eabi/lib/armv7-m\libc_nano.a(lib_a-stdio.o)
                0x0001b272                __sseek
 .text.__sclose
                0x0001b296        0x8 c:/sjsu_dev/toolchain/bin/../lib/gcc/arm-none-eabi/4.9.3/../../../../arm-none-eabi/lib/armv7-m\libc_nano.a(lib_a-stdio.o)
                0x0001b296                __sclose
 .text          0x0001b29e       0x14 c:/sjsu_dev/toolchain/bin/../lib/gcc/arm-none-eabi/4.9.3/../../../../arm-none-eabi/lib/armv7-m\libc_nano.a(lib_a-strcmp.o)
                0x0001b29e                strcmp
 .text.strlen   0x0001b2b2       0x10 c:/sjsu_dev/toolchain/bin/../lib/gcc/arm-none-eabi/4.9.3/../../../../arm-none-eabi/lib/armv7-m\libc_nano.a(lib_a-strlen.o)
                0x0001b2b2                strlen
 .text.strncmp  0x0001b2c2       0x32 c:/sjsu_dev/toolchain/bin/../lib/gcc/arm-none-eabi/4.9.3/../../../../arm-none-eabi/lib/armv7-m\libc_nano.a(lib_a-strncmp.o)
                0x0001b2c2                strncmp
 .text.strncpy  0x0001b2f4       0x24 c:/sjsu_dev/toolchain/bin/../lib/gcc/arm-none-eabi/4.9.3/../../../../arm-none-eabi/lib/armv7-m\libc_nano.a(lib_a-strncpy.o)
                0x0001b2f4                strncpy
 .text.match    0x0001b318       0x26 c:/sjsu_dev/toolchain/bin/../lib/gcc/arm-none-eabi/4.9.3/../../../../arm-none-eabi/lib/armv7-m\libc_nano.a(lib_a-strtod.o)
 .text.sulp     0x0001b33e       0x42 c:/sjsu_dev/toolchain/bin/../lib/gcc/arm-none-eabi/4.9.3/../../../../arm-none-eabi/lib/armv7-m\libc_nano.a(lib_a-strtod.o)
 .text._strtod_r
                0x0001b380      0xc40 c:/sjsu_dev/toolchain/bin/../lib/gcc/arm-none-eabi/4.9.3/../../../../arm-none-eabi/lib/armv7-m\libc_nano.a(lib_a-strtod.o)
                0x0001b380                _strtod_r
 .text._strtol_r
                0x0001bfc0      0x10c c:/sjsu_dev/toolchain/bin/../lib/gcc/arm-none-eabi/4.9.3/../../../../arm-none-eabi/lib/armv7-m\libc_nano.a(lib_a-strtol.o)
                0x0001bfc0                _strtol_r
 .text.strtol   0x0001c0cc       0x1c c:/sjsu_dev/toolchain/bin/../lib/gcc/arm-none-eabi/4.9.3/../../../../arm-none-eabi/lib/armv7-m\libc_nano.a(lib_a-strtol.o)
                0x0001c0cc                strtol
 .text.write    0x0001c0e8       0x1c c:/sjsu_dev/toolchain/bin/../lib/gcc/arm-none-eabi/4.9.3/../../../../arm-none-eabi/lib/armv7-m\libc_nano.a(lib_a-syswrite.o)
                0x0001c0e8                write
 .text.time     0x0001c104       0x28 c:/sjsu_dev/toolchain/bin/../lib/gcc/arm-none-eabi/4.9.3/../../../../arm-none-eabi/lib/armv7-m\libc_nano.a(lib_a-time.o)
                0x0001c104                time
 .text.__tzcalc_limits
                0x0001c12c      0x148 c:/sjsu_dev/toolchain/bin/../lib/gcc/arm-none-eabi/4.9.3/../../../../arm-none-eabi/lib/armv7-m\libc_nano.a(lib_a-tzcalc_limits.o)
                0x0001c12c                __tzcalc_limits
 .text.__tz_lock
                0x0001c274        0x2 c:/sjsu_dev/toolchain/bin/../lib/gcc/arm-none-eabi/4.9.3/../../../../arm-none-eabi/lib/armv7-m\libc_nano.a(lib_a-tzlock.o)
                0x0001c274                __tz_lock
 .text.__tz_unlock
                0x0001c276        0x2 c:/sjsu_dev/toolchain/bin/../lib/gcc/arm-none-eabi/4.9.3/../../../../arm-none-eabi/lib/armv7-m\libc_nano.a(lib_a-tzlock.o)
                0x0001c276                __tz_unlock
 .text._vsnprintf_r
                0x0001c278       0x52 c:/sjsu_dev/toolchain/bin/../lib/gcc/arm-none-eabi/4.9.3/../../../../arm-none-eabi/lib/armv7-m\libc_nano.a(lib_a-vsnprintf.o)
                0x0001c278                _vsniprintf_r
                0x0001c278                _vsnprintf_r
 *fill*         0x0001c2ca        0x2 
 .text.vsnprintf
                0x0001c2cc       0x20 c:/sjsu_dev/toolchain/bin/../lib/gcc/arm-none-eabi/4.9.3/../../../../arm-none-eabi/lib/armv7-m\libc_nano.a(lib_a-vsnprintf.o)
                0x0001c2cc                vsniprintf
                0x0001c2cc                vsnprintf
 .text.__swbuf_r
                0x0001c2ec       0xa8 c:/sjsu_dev/toolchain/bin/../lib/gcc/arm-none-eabi/4.9.3/../../../../arm-none-eabi/lib/armv7-m\libc_nano.a(lib_a-wbuf.o)
                0x0001c2ec                __swbuf_r
 .text._write_r
                0x0001c394       0x24 c:/sjsu_dev/toolchain/bin/../lib/gcc/arm-none-eabi/4.9.3/../../../../arm-none-eabi/lib/armv7-m\libc_nano.a(lib_a-writer.o)
                0x0001c394                _write_r
 .text.__swsetup_r
                0x0001c3b8       0xd8 c:/sjsu_dev/toolchain/bin/../lib/gcc/arm-none-eabi/4.9.3/../../../../arm-none-eabi/lib/armv7-m\libc_nano.a(lib_a-wsetup.o)
                0x0001c3b8                __swsetup_r
 .text._close_r
                0x0001c490       0x20 c:/sjsu_dev/toolchain/bin/../lib/gcc/arm-none-eabi/4.9.3/../../../../arm-none-eabi/lib/armv7-m\libc_nano.a(lib_a-closer.o)
                0x0001c490                _close_r
 .text.div      0x0001c4b0       0x28 c:/sjsu_dev/toolchain/bin/../lib/gcc/arm-none-eabi/4.9.3/../../../../arm-none-eabi/lib/armv7-m\libc_nano.a(lib_a-div.o)
                0x0001c4b0                div
 .text.quorem   0x0001c4d8      0x114 c:/sjsu_dev/toolchain/bin/../lib/gcc/arm-none-eabi/4.9.3/../../../../arm-none-eabi/lib/armv7-m\libc_nano.a(lib_a-dtoa.o)
 *fill*         0x0001c5ec        0x4 
 .text._dtoa_r  0x0001c5f0      0xb78 c:/sjsu_dev/toolchain/bin/../lib/gcc/arm-none-eabi/4.9.3/../../../../arm-none-eabi/lib/armv7-m\libc_nano.a(lib_a-dtoa.o)
                0x0001c5f0                _dtoa_r
 .text.__sflush_r
                0x0001d168      0x106 c:/sjsu_dev/toolchain/bin/../lib/gcc/arm-none-eabi/4.9.3/../../../../arm-none-eabi/lib/armv7-m\libc_nano.a(lib_a-fflush.o)
                0x0001d168                __sflush_r
 *fill*         0x0001d26e        0x2 
 .text._fflush_r